
> test
> node --test tests/*.test.cjs

✔ time outline keeps exact old versions, unknown/missing dates and source order inside each year (13.566708ms)
✔ explicit period selects written years without dropping unknowns or changing stored selections (5.275053ms)
✔ theme outline preserves overlapping exact intersections, ungrouped originals and missing refs (4.984624ms)
✔ outline creation produces detached blank chapters, preserves reflection/revision and shared exact references (3.534328ms)
✔ ID collisions reserve existing history IDs and references, retry safely and never mutate on failure (2.932477ms)
✔ invalid or empty outlines fail closed with no inferred notes, truncation or altered old state (5.808472ms)
✔ whole-state byte budget rejects a new outline atomically rather than trimming existing manuscripts (231.426647ms)
✔ review counts unique exact references across chapters and roles, retaining factual missing/author/date distinctions (3.207905ms)
✔ review excludes archived chapters and treats valid year-month dates as known without source bodies (1.701286ms)
✔ browser helper uses the existing Reflection loading order with no added dependency or state mutation (7.833628ms)
✔ composition reads verify shared account, preserve fixed versions and detach returned data (2.941611ms)
✔ malformed remote identity, revision, time and composition never install (1.011496ms)
✔ invalid requests and oversized compositions are rejected before network access (20.689806ms)
✔ write freezes scalar identity and content before awaiting account verification (0.401284ms)
✔ book reads preserve ordered exact and missing references in a detached configuration (1.503033ms)
✔ old-server rejection retains the complete book write and retries without stripping or changing CAS identity (0.783229ms)
✔ CAS conflict and missing stay distinct from stored; malformed replies reject (0.671914ms)
✔ schema, source floor, permissions and network errors redact private diagnostics (0.441033ms)
✔ disposing cancels late replies and releases only borrowed transport (3.707755ms)
✔ platform composition scope admits only private composition RPCs and no direct tables (1.205924ms)
✔ platform account switch rejects late composition read and write responses (0.969003ms)
✔ pausing a stalled read allows a new generation to resume before the old response arrives (6.540675ms)
✔ an account change between scheduling and running a timer rejects asynchronously without an uncaught exception (5.647874ms)
✔ a durable lost-response outbox is replayed unchanged before reading the newer remote head (2.344588ms)
✔ a failed book upload preserves the durable outbox and retries the same complete operation (1.955813ms)
✔ late remote responses after A changes to B or returns to A cannot mutate local composition (2.214456ms)
✔ dates follow the Gregorian calendar, including century leap years (0.940091ms)
✔ moving a dated entry to a shorter month clamps its day (0.212864ms)
✔ invalid collections, values, coordinates and injectable colors are preserved in quarantine (1.493709ms)
✔ import assigns new document IDs without mutating or overwriting the original (0.604213ms)
✔ a malformed backup fails before normalizing or generating IDs (0.2497ms)
✔ pristine comparison excludes renderer fields but retains edits to thoughts and layers (1.071445ms)
✔ planned observations do not make later actual segments dashed (0.242469ms)
✔ platform backup exports document copies without account identity, auth session or registry binding (4.521178ms)
✔ real platform and source-workspace backups reject each other without changing either source (5.369784ms)
✔ explicit foreign backup format cannot be silently treated as timeline copies by adding docs (1.186786ms)
✔ shared format guard covers goal-only envelopes and keeps supported legacy copies compatible (1.287785ms)
✔ platform exporter rejects stale account ownership instead of exporting the previous account (0.798932ms)
✔ default and explicit review output retain the frozen pre-extension byte fingerprint (1.649229ms)
✔ reader edition orders title-only cover, safe index TOC, manuscripts and mandatory chapter appendix (15.357738ms)
✔ book source appendix preserves missing exact IDs, old version, raw metadata and no newest replacement (3.689498ms)
✔ source body and insight inclusion are independent and role-only metadata appears only with explicit insights (3.837686ms)
✔ bodies injected into an off projection and unrelated private fields are never serialized (2.441021ms)
✔ hostile user/source text stays literal and every active link is a generated local TOC anchor (3.815565ms)
✔ book mode refuses malformed active flags, source bodies and oversized escaped text without changing the projection (421.221371ms)
✔ explicit review is fixed A4/insights-on and malformed mode/paper/insights options fail closed (0.487311ms)
✔ empty and blank manuscripts stay explicit; book output never invents contents or page numbers (0.315057ms)
✔ old v1 remains without implicit archive/history defaults and optional fields survive explicitly (13.84503ms)
✔ capture owns all archived/excluded material with fresh snapshot IDs and preserves exact original references and revision (3.392688ms)
✔ restore atomically records current B before replacing it with fresh-ID A and retains the target; B can be recovered (4.675336ms)
✔ archive/recover is non-destructive while preview and Markdown omit archived chapters and refuse an archived book (5.645211ms)
✔ ten editions block capture and restore atomically; deleting an explicit edition frees one slot without changing the current manuscript (11.133509ms)
✔ capture/restore fail without modifying the input when the final combined configuration exceeds 2 MiB (149.705512ms)
✔ strict history metadata rejects noncanonical/impossible dates, malformed flags, nested histories and reused global IDs (7.237926ms)
✔ backup remaps every current, archived, snapshot and excluded exact/missing reference into one consistent new copy (5.69886ms)
✔ asynchronous backup restoration owns edition contents before source hashing yields (2.39331ms)
✔ missing targets and malformed operations do not silently archive/delete/restore another book or edition (2.276907ms)
✔ browser history uses the same public API and collision failure preserves the current manuscript (5.635396ms)
✔ Markdown remains byte-compatible with the pre-projection exporter for both explicit body modes (17.931265ms)
✔ projection includes ordered chapters and active independent roles using exact versions and explicit missing evidence (6.41529ms)
✔ default projection excludes every original body property while preserving literal provenance and body-availability metadata (2.96715ms)
✔ explicit body mode contains only selected exact raw bodies; missing/link-only cases remain distinct (4.62454ms)
✔ excluded-only content, IDs and references and unchosen projects never enter either projected body mode (4.077562ms)
✔ projection deeply owns nested arrays and metadata in both directions without mutating the input (2.932628ms)
✔ preview and Markdown expose the same active selections after explicit reorder/role edits without period filtering (2.558535ms)
✔ projection fails closed for malformed options, a different workspace or invalid composition instead of sanitizing selections (3.029141ms)
✔ browser projection is identical without loading a Markdown renderer or Reflection module (9.506442ms)
✔ a canonical single-book projection prints only active selected chapters and exact evidence; default bodies remain off (12.941023ms)
✔ all user and source text stays literal, without links, scripts, styles, images or HTML execution (0.757661ms)
✔ link-only and missing sources stay explicit and malformed or oversized print requests fail without truncating (529.80344ms)
✔ native print requests an isolated, sandboxed document and only reports requested; afterprint releases it (3.874301ms)
✔ a required current-view guard rejects stale requests before frame creation (1.401773ms)
✔ cancel during iframe loading or font preparation prevents late print and cleans the private document (4.520798ms)
✔ account changes after asynchronous fonts and during focus are checked immediately before print (2.370927ms)
✔ duplicate preparation is rejected, while cancellation releases the pending request for another click (1.477896ms)
✔ book printing forwards explicit options to the same isolated lifecycle without claiming a saved PDF (1.644844ms)
✔ invalid book/review print options reject before frame creation and book font preparation remains cancellable (2.660776ms)
✔ Blob URL creation and append errors clean up; completed dialogs retain the URL until an explicit replacement (3.743969ms)
✔ insights are optional on old v1 chapters and an explicit empty list survives a backup without adding defaults (17.428862ms)
✔ interpretation references stay independent of chapter selections, allow both roles and preserve missing/excluded evidence (7.036288ms)
✔ strict interpretation schema rejects inferred-origin fields, duplicate IDs/role refs and malformed UTF-16 (5.483071ms)
✔ an empty interpretation draft stores its exact empty statement and exports uncertainty/evidence without a fabricated claim (5.534567ms)
✔ interpretation/role/UTF-16 limits and aggregate 2 MiB budget reject instead of trimming (19.71268ms)
✔ backup atomically remaps every interpretation ID and independent role reference including shared and excluded gaps (6.452835ms)
✔ restore snapshots the interpretation, both roles and excluded state before asynchronous source hashing (4.84029ms)
✔ default Markdown includes only active interpretation text and role-specific exact provenance without original bodies (5.110669ms)
✔ opt-in bodies preserve raw exact versions and excluded-only evidence never leaks; excluding is reversible without editing the note (2.120266ms)
✔ excluding an interpretation leaves independently selected chapter evidence and the raw chapter manuscript intact (2.018116ms)
✔ old v1 and empty book lists stay optional without changing the existing reflection or input (17.308925ms)
✔ books keep explicit chapter order and allow shared exact versions and missing references without filtering by period (2.793542ms)
✔ strict book/chapter schemas reject unknown fields, duplicate IDs, invalid dates and malformed Unicode (5.067466ms)
✔ books use the agreed collection and UTF-16 limits and the shared 2 MiB budget without truncation (20.985954ms)
✔ backup remaps books and chapters and shared real/missing references atomically with existing reflection (8.76145ms)
✔ asynchronous restore owns the whole book snapshot before source hashing yields (3.214545ms)
✔ default book export uses only the chosen book, ordered chapters and exact-version safe provenance (3.335935ms)
✔ explicit body export retains raw CRLF, fences and metadata while excluding unselected newest versions (2.212533ms)
✔ book export fails closed for a missing book, wrong workspace and malformed composition/options (2.344419ms)
✔ browser and CommonJS expose the same frozen book helper (7.143447ms)
✔ composition remote owns full book data before authorization and server rejection cannot strip books (3.088349ms)
✔ browser IIFE and CommonJS expose the same contract without external dependencies (6.121315ms)
✔ import preserves CRLF, whitespace, composed/decomposed characters and hashes original UTF-8 (6.275633ms)
✔ known partial coverage, original author and original date are preserved apart from import time (1.64331ms)
✔ async import owns its input metadata and text before hashing yields (1.508621ms)
✔ link-only input has no text/hash, cannot produce excerpts and keeps the original URL (1.935874ms)
✔ dangerous URL schemes, credentials and protocol disguises fail import, validation and backup restore (3.505866ms)
✔ unsupported files, invalid text/encoding and oversized UTF-8 fail without truncating the input (8.934577ms)
✔ same content in another or unconfirmed source remains a candidate and never merges automatically (2.051234ms)
✔ explicit source selection reuses exact metadata but creates immutable versions for changed metadata/body (5.908589ms)
✔ link-only sources can gain a body as a new version after explicit user selection (0.961973ms)
✔ excerpt locators use raw UTF-16 and distinguish emoji, CRLF and repeated phrases (1.440791ms)
✔ repeated excerpt/topic is deduplicated while a different topic remains an explicit new record (1.101199ms)
✔ apply is immutable and rejects source-version overwrite, source deletion and dangling references (1.235748ms)
✔ excerpt deletion preserves originals, removes dependent connections and prevents resurrection (0.995243ms)
✔ backup is detached, declares excluded staging and restores all IDs/references into a new copy (1.779162ms)
✔ restoring deleted records remaps tombstone targets without reviving them (1.012728ms)
✔ backup restoration rejects invalid schema, changed hashes, broken references/locators and extra account fields (1.754125ms)
✔ async restoration owns its snapshot rather than hashing data that the caller can replace midway (0.966179ms)
✔ reading Markdown preserves text and provenance inside fences that contain HTML/images and nested fences (1.341555ms)
✔ reading export handles many short backtick runs without an argument-stack overflow (16.143761ms)
✔ source search opens the matching old version and defines latest by array order, not timestamp or revision (9.80913ms)
✔ source search unions current-title latest with body versions and deduplicates in source/newest order (2.383186ms)
✔ source search treats regex syntax literally and trims only query ends (1.313813ms)
✔ source search returns raw UTF-16 quotes across dotted I, emoji, CRLF and repeated text (0.942003ms)
✔ search uses native simple case folding without locale, NFC/NFD or multi-character equivalence (1.276498ms)
✔ search snippets stay near 60 UTF-16 units and never split a surrogate pair at either edge (0.821676ms)
✔ link-only search never invents body text from its URL or current title (0.624614ms)
✔ source search validates query/bundle and neither mutates nor retains references into the workspace (2.47459ms)
✔ opt-in Korean spacing returns the exact raw quote and older version without altering literal search (2.706093ms)
✔ Korean spacing permits only horizontal spaces between complete Hangul syllables (125.953086ms)
✔ source and note search share strict query/options validation and native literal defaults (1.302887ms)
✔ timeline links read only the verified account registry and encode the exact document ID (3.878728ms)
✔ account/project changes and read-only views cannot read or link former timelines (4.44153ms)
✔ two exact Korean tokens are evidence while one token or generic words do not fill empty results (25.484729ms)
✔ particle endings and semantic or morphological similarity are never guessed (4.447409ms)
✔ realistic Korean reading examples separate useful literal evidence from generic activity words (7.300199ms)
✔ explicit exact-version groups rank before matching topics and two common terms (2.253263ms)
✔ the selected older seed stays exact and its own newer version is never a recommendation (3.857236ms)
✔ latest candidates never inherit old-version groups or topics (1.970465ms)
✔ latest means the last Core version, independent of imported or original dates (1.163431ms)
✔ directed source exclusions apply across versions without excluding the reverse direction (4.262976ms)
✔ link-only title evidence is labeled as title evidence and never invents a body (3.296757ms)
✔ source URLs and query parameters in a body do not become word evidence (1.053398ms)
✔ deleted record topics are no longer used and unrelated note text is ignored (1.256619ms)
✔ only selected seed and latest candidate bodies are read; all source candidates remain eligible (2.330137ms)
✔ body comparison stops at the documented 16,000 UTF-16 limit with safe snippet boundaries (1.517194ms)
✔ a word cut at the body budget boundary cannot turn into a shorter matching word (4.006717ms)
✔ title versus body matches keep a generic reason instead of claiming the same field (0.829207ms)
✔ results are deterministic, capped at three and leave all source and composition data unchanged (3.160305ms)
✔ large seed vocabularies keep the same exact-token contract without dropping later terms (1.476775ms)
✔ small and large seed vocabularies use the same conservative digit boundary (4.234614ms)
✔ expanding Unicode lowercase mappings preserve results across the native matcher threshold (2.021711ms)
✔ invalid requests and unavailable seeds fail with actionable codes (0.982964ms)
✔ cross-origin Korean corpus keeps literal evidence grounded, exact latest versions and directed exclusions (38.733807ms)
✔ help-related holdouts preserve substantive literal topics and explicit user topics in both directions (19.934066ms)
✔ year accepts real calendar dates and preserves the written year across timezone boundaries (1.591965ms)
✔ year rejects coerced, impossible and free-form dates instead of inferring an experience year (0.375485ms)
✔ chronology groups only selected exact versions, keeping unavailable and undated evidence without import-date fallback (2.486047ms)
✔ year filtering is inclusive, leaves unknown evidence visible and does not manufacture empty years (0.417708ms)
✔ a year-month date participates in year filtering without inventing a day or changing raw export metadata (0.666796ms)
✔ malformed and reversed year filters reject explicitly without changing the selection (0.649591ms)
✔ themes use exact intersections, permit one source in several themes and keep every ungrouped reference (0.548151ms)
✔ default Markdown preserves the current manuscript and exact-version metadata but excludes every original body (0.508723ms)
✔ only explicit includeSources exports selected raw bodies, retaining CRLF and unavailable-body status (0.41948ms)
✔ Markdown refuses a manuscript and originals from different workspaces (0.288597ms)
✔ raw metadata and backtick-rich optional bodies stay literal inside fences rather than active links or HTML (0.227616ms)
✔ CommonJS exports the same frozen API made available to the browser namespace (0.154979ms)
✔ a large original with many separate backtick runs exports without truncation or argument-limit failure (19.09734ms)
✔ rejects private keys and unsafe project URLs before constructing SDK (2.392068ms)
✔ new connection storage is isolated from legacy chart settings (0.808516ms)
✔ auth verifies account, defers auth listeners, and signs out only this browser session (7.533774ms)
✔ missing session is unauthenticated, and raw server errors are not exposed (0.936646ms)
✔ list queries metadata only, strips unrequested fields, and reports missing schema (10.632023ms)
✔ read returns an owned snapshot after validating exact source hashes and identities (2.841073ms)
✔ write captures parameters and snapshot before awaiting account/network (1.722909ms)
✔ write reports CAS outcomes and does not treat missing as successful creation (6.769163ms)
✔ invalid hashes and oversized JSON block transport; remote oversized rows are rejected (107.580038ms)
✔ fixed SQL error identifiers become safe adapter faults (3.763908ms)
✔ dispose and account switch reject stale reads instead of returning old-account data (3.413359ms)
✔ SDK global fetch is aborted on disposal (25.041612ms)
✔ SDK global fetch follows the caller AbortSignal as well as adapter disposal (0.409976ms)
✔ SDK storage cannot write a stale session after adapter disposal (0.207086ms)
✔ official bundled SDK removes valid local session even when logout server is offline (11.072079ms)
✔ owner borrows the verified SDK, stores before dispatch and clears only a definitive result (7.288971ms)
✔ unknown outcome survives same-tab reload and retries the identical UUID, revision and copy (2.110422ms)
✔ failure to persist an attempt blocks transmission and never overwrites an unresolved operation (0.314225ms)
✔ account changes abort old writes, ignore late success and isolate pending state (4.581147ms)
✔ stale owner verification cannot dispatch after account switching or disposal (0.522232ms)
✔ conflict is definitive while malformed success preserves the pending attempt (0.666977ms)
✔ proven validation rollback or absent RPC permits a corrected attempt; operation mismatch remains unresolved (1.323658ms)
✔ revoke uses an explicit empty snapshot and owner metadata distinguishes revoked from missing (0.380493ms)
✔ owner listing can find a published workspace absent from this browser without fetching its snapshot (0.779323ms)
✔ anonymous reader sends only its public key with no cookies, bearer token, referrer or cache (22.028275ms)
✔ visitor rejects extra private fields, another token response and unsafe configuration (1.364358ms)
✔ late visitor response after disposal cannot become a visible published page (0.303329ms)
✔ valid uppercase visitor UUID normalizes to PostgreSQL canonical UUID form (0.33806ms)
✔ default public copy includes only selected presentation metadata and its own page comment (13.302047ms)
✔ other people and unknown authors are never republished merely because preview shows bodies (3.241304ms)
✔ exact UTF-16 excerpts preserve source coverage while identifying the public text as an excerpt (2.207926ms)
✔ hidden parts and entries never leak, and missing visible references stop publication (1.946369ms)
✔ one version appearing in multiple entries is reviewed once and each body switch is respected (1.459078ms)
✔ unknown fields, unsafe URLs and mismatched text kind fail closed (3.172663ms)
✔ publication limits reject excess data instead of silently changing the selected copy (17.98909ms)
✔ opening is shared and never invents a workspace; missing and orphaned reads surface errors (10.141442ms)
✔ restored workspace and active pointer install together, without overwriting an existing ID (5.415401ms)
✔ successful retry precedes revision comparison, compares stable payload, and is scoped to workspace (3.381862ms)
✔ receipt write failure rolls back bundle and applied stage; identical retry succeeds after recovery (3.023312ms)
✔ transaction completion failure cannot leave a successful receipt or emit a changed notification (1.074009ms)
✔ stage compare-and-swap rejects stale review, another workspace, and reopening an applied stage (1.513038ms)
✔ snapshots isolate caller mutation and listener failures cannot turn successful storage into failure (0.866282ms)
✔ core validation failure leaves no receipt and bad JSON values do not collide with valid payloads (0.895645ms)
✔ versionchange closes the connection and surfaces the error without creating replacement data (0.771822ms)
✔ blocked opening rejects promptly and closes a connection that arrives after the rejection (0.403897ms)
✔ durable upload stays fixed across edits and reopen; ack schedules the newer local snapshot (11.339093ms)
✔ sync metadata failure rolls back local change and receipt; malformed metadata is never hidden (4.714524ms)
✔ pause retains ownership and outbox while rejecting delayed results and another account (6.41568ms)
✔ server installation preserves IDs but atomically installs data, binding and active pointer (1.99478ms)
✔ remote apply requires a clean workspace, preserves staging and rejects immutable or stale versions (6.463572ms)
✔ conflict keeps the fixed outbox and never lowers an observed server revision; missing cannot resurrect (5.042139ms)
✔ remote resolution preserves the unselected local copy and rolls back every part on failure (10.738304ms)
✔ local resolution rejects stale or lossy copies and schedules a new CAS against the reviewed revision (5.978244ms)
✔ sync errors retain payload, can clear after successful observation, and remain outside backups (4.212331ms)
✔ well-shaped but impossible sync revisions surface metadata errors instead of hiding pending edits (2.194456ms)
✔ account handles isolate lists, active selection, reads, receipts, stages and backup inputs (6.187303ms)
✔ existing sync binding proves account ownership without altering or claiming unowned data (3.984965ms)
✔ explicit unowned import remaps source and draft IDs, preserves originals and does not enable upload (3.137351ms)
✔ owner and account active pointer install atomically and cannot be retagged through sync APIs (1.77088ms)
✔ changing account aborts an in-flight write and never commits old data or notifications into the new scope (5.669947ms)
✔ a copy finishing validation after logout is discarded and leaves unowned source untouched (3.183259ms)
✔ batch item stores its exact source result with the receipt, survives reopen, and stays out of backup (2.335474ms)
✔ legacy receipt payloads and applied stages without results remain compatible (2.372209ms)
✔ stage result rejects forged drafts, malformed IDs and sources outside the resulting workspace (3.253192ms)
✔ duplicate import reuses Core-valid opaque IDs without adding a second original (3.301042ms)
▶ quota and transaction abort retain earlier batch results and pending drafts for identical retry
  ✔ stage_write (3.295435ms)
  ✔ receipt_write (2.337628ms)
  ✔ transaction_completion (2.133686ms)
✔ quota and transaction abort retain earlier batch results and pending drafts for identical retry (8.225207ms)
✔ stale batch review cannot persist a result and a changed account aborts the whole item (3.754524ms)
✔ unowned copy remaps applied result references and preserves the original stage and backup boundary (3.720884ms)
✔ writing commit atomically consumes its typed draft with an idempotent receipt, and rolls back quota failure (4.040066ms)
✔ writing drafts remain local while explicit saves join an existing sync binding without changing fixed upload snapshots (3.409223ms)
✔ unowned writing copy remaps edit bases and applied results, retaining stale revisions after copied revisions reset (11.742539ms)
✔ workbench starts without a write and persists independently of bundle revisions, backups and sync (3.648798ms)
✔ workbench snapshot reads both validated halves in one transaction and refuses corrupt metadata (1.984265ms)
✔ two workbench readers cannot overwrite a newer revision or submit another workspace configuration (1.824569ms)
▶ failed workbench writes and transaction completion preserve prior data and emit no success event
  ✔ quota (2.688297ms)
  ✔ completion (1.767003ms)
✔ failed workbench writes and transaction completion preserve prior data and emit no success event (4.909983ms)
✔ combined copy installation atomically owns bundle, workbench and active pointer without replacing originals (5.136107ms)
✔ workbench account isolation rejects foreign reads and account replacement aborts late writes and copies (4.572885ms)
✔ offline saved-session start preserves settings and retries once across simultaneous lifecycle events (11.079749ms)
✔ authentication rejection does not schedule network reconnect or discard public prefill (1.572937ms)
✔ explicit logout cancels offline reconnect; SDK logout failure cannot reenable startup config (3.911727ms)
✔ new same-project login disposes an in-flight old logout before it can remove the new session (2.511125ms)
✔ a superseded pending login is disposed before its late SDK response can save an old session (1.233224ms)
✔ logout disposes a pending login before it can save or broadcast a signed-in session (0.963586ms)
✔ Storage size failure is normalized without exposing server detail or replacing pending content (1.837258ms)
✔ fresh explicit conflict preview permits later local edits while preserving their remapped source/excerpt copy (11.244653ms)
✔ local edit after preview during async recovery preparation rejects the decision without installing a partial copy (4.829153ms)
✔ shared Auth startup and later login never upload unbound data; borrowed adapter disposal never logs out (2.168247ms)
✔ shared session startup resumes only its previously bound durable outbox with the same request (3.158862ms)
✔ fixed-owner scoped handle blocks local access immediately on shared account transition and cancels old remote response (2.897977ms)
✔ pending local metadata read cannot reveal an old owner conflict snapshot after account transition (0.967511ms)
✔ Writing exposes the same standalone browser and CommonJS API (5.470462ms)
✔ blank drafts are resumable local staging with a strict separate format (1.028973ms)
✔ malformed draft fields, mixed import metadata and invalid bases are rejected before persistence (1.147548ms)
✔ draft and final text preserve Korean, CRLF, Unicode composition and exact UTF-8 hashing (7.401739ms)
✔ empty draft, invalid Unicode, NUL and UTF-8 overflow fail without truncation (11.548663ms)
✔ only the app marker and authored version invariants permit editing, never a self import alone (8.429719ms)
✔ edit creates a fresh version and preserves source identity, creation date, old text and exact excerpts (4.437053ms)
✔ a reverted or unchanged body still makes a new immutable head instead of selecting historical import duplicates (2.977815ms)
✔ editing rejects both a changed source revision and a changed latest version, keeping draft input intact (2.524485ms)
✔ unrelated workspace changes do not reject an unchanged edit base; commit still carries current workspace CAS (3.505826ms)
✔ preparing a save snapshots mutable inputs before hashing yields (1.562972ms)
✔ draft conflict recovery preserves the edit base until an explicit new-writing choice (4.896182ms)
✔ applied drafts can be read and exported but cannot be edited or recovered as uncommitted drafts (1.182709ms)
✔ TXT recovery exports over-limit input intact while malformed encoding is explicitly rejected (11.800186ms)
✔ JSON backup remaps internal references while authored markers and editability survive without schema changes (2.423405ms)
✔ search, fixed group/page references and explicit publication work with authored text (4.586314ms)
✔ private routes include life and remove unknown query values and external redirects (2.374443ms)
✔ unified home return accepts only known sections and material views (4.322514ms)
✔ public home guest verification does not redirect and Google returns to the requested section (1.42673ms)
✔ public home bfcache keeps cached personal DOM hidden until its shell remounts (0.937166ms)
✔ leaving the public home cancels a pending verification before it can expose an account (8.981125ms)
✔ public home account change hides old data without forcing navigation or accepting its late result (1.366131ms)
✔ verified shared account uses Google PKCE and never enables a password flow (1.252533ms)
✔ unverified token cannot open a protected offline cold load (0.276489ms)
✔ temporary network loss keeps an already verified account while bfcache keeps the page hidden (0.784451ms)
✔ account switch rejects an old verification even if the same account returns later (1.78466ms)
✔ disposed Auth cannot republish a late verified account (0.835135ms)
✔ online logout retains normal SDK server revocation then persists the local block (1.697691ms)
✔ another tab logout blocks private UI immediately before its SDK broadcast arrives (0.301777ms)
✔ a late old logout cannot delete or broadcast over another tab fresh login (1.334284ms)
✔ a late bfcache verification cannot hide a newly verified account screen (0.735718ms)
✔ expired offline logout cleans through supported SDK storage and prevents reload resurrection (0.687437ms)
✔ request blocks foreign origins before attaching credentials (0.516064ms)
✔ refresh cannot retry an old body with a new account token (31.804287ms)
✔ old fetch results are rejected across A to B to A and its AbortSignal is cancelled (0.940261ms)
✔ callback credentials and errors are scrubbed on success or SDK initialization failure (1.320553ms)
✔ actual bundled SDK online logout uses shared session and offline failure cannot restore it (13.011768ms)
✔ life transport borrows the platform client and verifies the account on the server (2.475312ms)
✔ separate projects, keys and password login cannot override the platform account (0.652065ms)
✔ unverified and signed-out users cannot send a query (1.023934ms)
✔ changing account cancels the old query and rejects its late response (4.571613ms)
✔ disposing life transport aborts its queries without disposing the shared session (1.56209ms)
✔ a builder created by A cannot execute later as B or after A returns (0.523284ms)
✔ verification completing after bridge disposal cannot restore its account (0.294716ms)
✔ platform account notifications are verified and all borrowed subscriptions are removed (0.759864ms)
✔ logout uses the platform logout and the bridge only exposes the life API (0.61527ms)
✔ the Cloud Remote factory receives the borrowed client without starting another SDK (0.443896ms)
✔ borrowed official SDK sends the same verified token to life SELECT and RPC (43.544704ms)
✔ old pull cannot populate B and its finally cannot unlock an already running B pull (5.323685ms)
✔ syncDocuments rejects a former owner response even when account changes while JSON is being read (1.644402ms)
✔ old queue cannot POST its former owner body with B auth or mark a same-ID B item as an error (3.372999ms)
✔ a late document upload receipt does not update either registry after B has initialized (2.294334ms)
✔ late conflict JSON does not replace a new owner same-ID item or schedule its old data (3.467129ms)
✔ captureAccount invalidates an old import/create handler across A to B to A without changing source copies (1.389986ms)
✔ backup and items fail closed before reinitialization and a damaged B copy cannot expose prior A memory (1.384869ms)
✔ private return destinations are restricted to known local feature routes (3.035801ms)
✔ public configuration rejects server credentials and non-Supabase production origins (0.492939ms)
✔ linking 80 legacy records makes account copies and preserves the source bytes (1.953911ms)
✔ damaged legacy registries and orphan documents remain recoverable (0.285322ms)
✔ invalid imports fail before changing account or legacy storage (1.156821ms)
✔ failed registry commit preserves originals and leaves copies recoverable (0.548922ms)
✔ weekday streaks skip rest days and do not lose yesterday before today is completed (0.502313ms)
✔ habit completion respects its start, schedule, future dates and leap-day boundaries (0.553539ms)
✔ editing an item while a write is in flight preserves both the latest data and server revision (36.669253ms)
✔ signing out during a pull never writes data into another account (3.277678ms)
✔ conflicting goal changes stay local until a backed-up copy is chosen (1.707476ms)
✔ uploading a document preserves edits and new registry entries made while the request is in flight (2.011816ms)
✔ signing out closes an open private form before navigating away (3.000769ms)
✔ auth configuration only accepts a clean HTTP or HTTPS project origin (0.35153ms)
✔ account verification rejects old_success after the shared session changes (1.875364ms)
✔ account verification rejects old_rejection after the shared session changes (1.179174ms)
✔ repeat public build removes stale private canary and old SDK while preserving source config (240.795887ms)
✔ unowned nonempty output and source/symlink destinations are rejected without deleting files (143.245195ms)
✔ returning to the persisted point cancels an older debounced reading candidate (5.196587ms)
✔ a later reading point 100 survives this reader own delayed save notification (2.35276ms)
✔ a later reading point 300 survives this reader own delayed save notification (1.079467ms)
✔ another tab clear cancels a captured point without recreating it (1.060118ms)
✔ a conflicted delayed save cannot rebase a later queued point across another tab clear (1.076653ms)
✔ leaving drains already captured reading input without sampling detached DOM (2.149159ms)
✔ complete offline shell includes every runtime module (21.827228ms)
✔ failed installation does not activate a partial shell (1.111905ms)
✔ activation removes old app caches but preserves unrelated caches (1.469023ms)
✔ HTTP errors never replace a usable offline asset (3.716217ms)
✔ a missing script never falls back to HTML (5.188816ms)
✔ offline public home uses its exact installed document, without another-page fallback (1.470615ms)
✔ a failed assets/life/writing.js installation keeps the old worker active (1.0678ms)
✔ a failed assets/life/writing-ui.js installation keeps the old worker active (0.830668ms)
✔ a failed assets/life/storage.js installation keeps the old worker active (0.855966ms)
✔ a failed assets/life/icons.js installation keeps the old worker active (0.841445ms)
✔ a failed assets/life/workbench.js installation keeps the old worker active (0.771731ms)
✔ a failed assets/life/rediscovery.js installation keeps the old worker active (0.92646ms)
✔ a failed assets/life/workbench-ui.js installation keeps the old worker active (0.782828ms)
✔ a failed assets/life/home.js installation keeps the old worker active (0.772472ms)
✔ a failed assets/life/workbench.css installation keeps the old worker active (1.810138ms)
✔ a failed assets/life/home.css installation keeps the old worker active (0.788997ms)
✔ life navigation returns its own installed HTML while offline (1.273704ms)
✔ section and nested view links resolve to the same installed shell offline (2.588619ms)
✔ platform Auth and life modules use one installed bundle without online replacement (3.51512ms)
✔ a missing life shell never serves the timeline HTML or a mixed online module (0.910217ms)
✔ private requests and non-shell resources are not intercepted (1.28443ms)
✔ OAuth callbacks never read/write cache or forward code/token/error query to static host (1.220956ms)
✔ offline OAuth callback fails closed instead of reusing a cached login response (0.912229ms)
✔ failed platform Auth installation cannot activate a mixed life/platform release (0.886271ms)
✔ public visitor document and anonymous RPC results never enter the app offline cache (1.14893ms)
✔ document switches keep both pending writes and their document IDs (1.982342ms)
✔ an edit during an in-flight write is serialized into a second write (4.822364ms)
✔ cancelled pending documents are not written (15.104513ms)
✔ a remote change is a conflict, without an update request (0.545838ms)
✔ a remote deletion is not silently recreated (0.212975ms)
✔ conditional PATCH catches changes between reading and writing (0.447942ms)
✔ new documents use INSERT and duplicate insert races become conflicts (0.24987ms)
✔ successful update records the server timestamp (0.225123ms)
✔ a failed preliminary read never falls through to an overwrite (0.501211ms)
✔ browser and CommonJS models expose independent empty local configurations (6.813049ms)
✔ strict validation rejects unknown fields, incorrect types, duplicate IDs and malformed Unicode (11.844431ms)
✔ bounded collections, text and aggregate UTF-8 budget reject rather than truncate (27.477381ms)
✔ activity deletion cannot alter an independent page entry and missing fixed references remain valid (2.400481ms)
✔ combined backup preserves originals and remaps every fixed version and missing gap consistently (3.983242ms)
✔ backup owns both snapshots before hashing yields and never accepts changed metadata or body silently (3.693313ms)
✔ mismatched and unsupported backups fail without manufacturing a replacement configuration (2.865439ms)
✔ old v1 configurations and backups stay unchanged without an implicit discovery default (3.600536ms)
✔ discovery accepts only strict directional source pairs and never silently sanitizes invalid exclusions (4.807342ms)
✔ discovery exclusions allow exactly 1000 pairs and count toward the existing configuration budget (20.167742ms)
✔ source exclusions survive newer original versions and round-trip independently of fixed excerpt/group/page references (8.327499ms)
✔ missing discovery sources receive consistent fresh gaps without attaching to source versions or unrelated originals (3.515551ms)
✔ backup and async restore own discovery snapshots before caller mutation and preserve original data (5.724272ms)
✔ selected draft read verifies shared account and returns a detached exact identity (2.359641ms)
✔ malformed identities, revision, encoding and draft payload never install (1.050263ms)
✔ writing list sends a bounded cursor and rejects duplicate, unordered or invalid rows (0.819102ms)
✔ invalid request and oversized body are blocked before account or network access (4.742345ms)
✔ write snapshots payload and scalar identity before asynchronous account verification (1.291701ms)
✔ stored conflict missing replies stay distinct and malformed results reject (0.662671ms)
✔ remote schema permissions and network errors redact raw private diagnostics (1.778521ms)
✔ dispose rejects delayed replies and releases only borrowed transport once (7.823518ms)
✔ writing scope admits only the three writing RPCs and no original composition or public access (1.540148ms)
✔ account switch aborts delayed writing read write and list responses without touching shared session (2.285922ms)
ℹ tests 398
ℹ suites 0
ℹ pass 398
ℹ fail 0
ℹ cancelled 0
ℹ skipped 0
ℹ todo 0
ℹ duration_ms 1871.066298
