
> test
> node --test tests/*.test.cjs

✔ time outline keeps exact old versions, unknown/missing dates and source order inside each year (27.338735ms)
✔ explicit period selects written years without dropping unknowns or changing stored selections (7.429276ms)
✔ theme outline preserves overlapping exact intersections, ungrouped originals and missing refs (10.43332ms)
✔ outline creation produces detached blank chapters, preserves reflection/revision and shared exact references (19.791664ms)
✔ ID collisions reserve existing history IDs and references, retry safely and never mutate on failure (9.736622ms)
✔ invalid or empty outlines fail closed with no inferred notes, truncation or altered old state (5.707525ms)
✔ whole-state byte budget rejects a new outline atomically rather than trimming existing manuscripts (434.897323ms)
✔ review counts unique exact references across chapters and roles, retaining factual missing/author/date distinctions (7.449536ms)
✔ review excludes archived chapters and treats valid year-month dates as known without source bodies (7.677162ms)
✔ browser helper uses the existing Reflection loading order with no added dependency or state mutation (44.19692ms)
✔ composition reads verify shared account, preserve fixed versions and detach returned data (6.003411ms)
✔ malformed remote identity, revision, time and composition never install (21.785027ms)
✔ invalid requests and oversized compositions are rejected before network access (41.639044ms)
✔ write freezes scalar identity and content before awaiting account verification (0.408904ms)
✔ book reads preserve ordered exact and missing references in a detached configuration (3.557241ms)
✔ old-server rejection retains the complete book write and retries without stripping or changing CAS identity (1.254031ms)
✔ CAS conflict and missing stay distinct from stored; malformed replies reject (0.677109ms)
✔ schema, source floor, permissions and network errors redact private diagnostics (0.461631ms)
✔ disposing cancels late replies and releases only borrowed transport (4.237755ms)
✔ platform composition scope admits only private composition RPCs and no direct tables (5.423976ms)
✔ platform account switch rejects late composition read and write responses (2.060051ms)
✔ pausing a stalled read allows a new generation to resume before the old response arrives (8.145564ms)
✔ an account change between scheduling and running a timer rejects asynchronously without an uncaught exception (8.99019ms)
✔ a durable lost-response outbox is replayed unchanged before reading the newer remote head (4.991578ms)
✔ a failed book upload preserves the durable outbox and retries the same complete operation (4.234941ms)
✔ late remote responses after A changes to B or returns to A cannot mutate local composition (20.222921ms)
✔ dates follow the Gregorian calendar, including century leap years (1.180893ms)
✔ moving a dated entry to a shorter month clamps its day (1.221063ms)
✔ invalid collections, values, coordinates and injectable colors are preserved in quarantine (1.064582ms)
✔ import assigns new document IDs without mutating or overwriting the original (0.538435ms)
✔ a malformed backup fails before normalizing or generating IDs (0.252262ms)
✔ pristine comparison excludes renderer fields but retains edits to thoughts and layers (1.129006ms)
✔ planned observations do not make later actual segments dashed (0.188649ms)
✔ platform backup exports document copies without account identity, auth session or registry binding (8.223278ms)
✔ real platform and source-workspace backups reject each other without changing either source (7.920422ms)
✔ explicit foreign backup format cannot be silently treated as timeline copies by adding docs (1.024192ms)
✔ shared format guard covers goal-only envelopes and keeps supported legacy copies compatible (2.514842ms)
✔ platform exporter rejects stale account ownership instead of exporting the previous account (1.488247ms)
✔ default and explicit review output retain the frozen pre-extension byte fingerprint (1.706028ms)
✔ reader edition orders title-only cover, safe index TOC, manuscripts and mandatory chapter appendix (23.04039ms)
✔ book source appendix preserves missing exact IDs, old version, raw metadata and no newest replacement (4.57992ms)
✔ source body and insight inclusion are independent and role-only metadata appears only with explicit insights (4.992951ms)
✔ bodies injected into an off projection and unrelated private fields are never serialized (2.68928ms)
✔ hostile user/source text stays literal and every active link is a generated local TOC anchor (4.491275ms)
✔ book mode refuses malformed active flags, source bodies and oversized escaped text without changing the projection (654.414513ms)
✔ explicit review is fixed A4/insights-on and malformed mode/paper/insights options fail closed (0.564945ms)
✔ empty and blank manuscripts stay explicit; book output never invents contents or page numbers (0.396145ms)
✔ old v1 remains without implicit archive/history defaults and optional fields survive explicitly (15.160258ms)
✔ capture owns all archived/excluded material with fresh snapshot IDs and preserves exact original references and revision (4.858752ms)
✔ restore atomically records current B before replacing it with fresh-ID A and retains the target; B can be recovered (8.421931ms)
✔ archive/recover is non-destructive while preview and Markdown omit archived chapters and refuse an archived book (13.034289ms)
✔ ten editions block capture and restore atomically; deleting an explicit edition frees one slot without changing the current manuscript (22.888325ms)
✔ capture/restore fail without modifying the input when the final combined configuration exceeds 2 MiB (414.691637ms)
✔ strict history metadata rejects noncanonical/impossible dates, malformed flags, nested histories and reused global IDs (10.001894ms)
✔ backup remaps every current, archived, snapshot and excluded exact/missing reference into one consistent new copy (6.462279ms)
✔ asynchronous backup restoration owns edition contents before source hashing yields (6.548447ms)
✔ missing targets and malformed operations do not silently archive/delete/restore another book or edition (4.115004ms)
✔ browser history uses the same public API and collision failure preserves the current manuscript (9.492492ms)
✔ Markdown remains byte-compatible with the pre-projection exporter for both explicit body modes (19.359607ms)
✔ projection includes ordered chapters and active independent roles using exact versions and explicit missing evidence (9.264065ms)
✔ default projection excludes every original body property while preserving literal provenance and body-availability metadata (3.58331ms)
✔ explicit body mode contains only selected exact raw bodies; missing/link-only cases remain distinct (2.872701ms)
✔ excluded-only content, IDs and references and unchosen projects never enter either projected body mode (4.389408ms)
✔ projection deeply owns nested arrays and metadata in both directions without mutating the input (2.556118ms)
✔ preview and Markdown expose the same active selections after explicit reorder/role edits without period filtering (2.670507ms)
✔ projection fails closed for malformed options, a different workspace or invalid composition instead of sanitizing selections (3.984058ms)
✔ browser projection is identical without loading a Markdown renderer or Reflection module (9.739064ms)
✔ a canonical single-book projection prints only active selected chapters and exact evidence; default bodies remain off (23.787198ms)
✔ all user and source text stays literal, without links, scripts, styles, images or HTML execution (13.699658ms)
✔ link-only and missing sources stay explicit and malformed or oversized print requests fail without truncating (339.28004ms)
✔ native print requests an isolated, sandboxed document and only reports requested; afterprint releases it (3.679228ms)
✔ a required current-view guard rejects stale requests before frame creation (0.963895ms)
✔ cancel during iframe loading or font preparation prevents late print and cleans the private document (3.123877ms)
✔ account changes after asynchronous fonts and during focus are checked immediately before print (1.706673ms)
✔ duplicate preparation is rejected, while cancellation releases the pending request for another click (1.051955ms)
✔ book printing forwards explicit options to the same isolated lifecycle without claiming a saved PDF (1.155458ms)
✔ invalid book/review print options reject before frame creation and book font preparation remains cancellable (1.878686ms)
✔ Blob URL creation and append errors clean up; completed dialogs retain the URL until an explicit replacement (2.47619ms)
✔ insights are optional on old v1 chapters and an explicit empty list survives a backup without adding defaults (21.23767ms)
✔ interpretation references stay independent of chapter selections, allow both roles and preserve missing/excluded evidence (3.558099ms)
✔ strict interpretation schema rejects inferred-origin fields, duplicate IDs/role refs and malformed UTF-16 (5.753253ms)
✔ an empty interpretation draft stores its exact empty statement and exports uncertainty/evidence without a fabricated claim (6.562249ms)
✔ interpretation/role/UTF-16 limits and aggregate 2 MiB budget reject instead of trimming (21.309305ms)
✔ backup atomically remaps every interpretation ID and independent role reference including shared and excluded gaps (7.61142ms)
✔ restore snapshots the interpretation, both roles and excluded state before asynchronous source hashing (12.177819ms)
✔ default Markdown includes only active interpretation text and role-specific exact provenance without original bodies (6.348092ms)
✔ opt-in bodies preserve raw exact versions and excluded-only evidence never leaks; excluding is reversible without editing the note (6.65097ms)
✔ excluding an interpretation leaves independently selected chapter evidence and the raw chapter manuscript intact (1.98909ms)
✔ old v1 and empty book lists stay optional without changing the existing reflection or input (20.232584ms)
✔ books keep explicit chapter order and allow shared exact versions and missing references without filtering by period (3.09233ms)
✔ strict book/chapter schemas reject unknown fields, duplicate IDs, invalid dates and malformed Unicode (4.986069ms)
✔ books use the agreed collection and UTF-16 limits and the shared 2 MiB budget without truncation (25.733584ms)
✔ backup remaps books and chapters and shared real/missing references atomically with existing reflection (14.55354ms)
✔ asynchronous restore owns the whole book snapshot before source hashing yields (5.651614ms)
✔ default book export uses only the chosen book, ordered chapters and exact-version safe provenance (3.723193ms)
✔ explicit body export retains raw CRLF, fences and metadata while excluding unselected newest versions (3.241791ms)
✔ book export fails closed for a missing book, wrong workspace and malformed composition/options (3.154352ms)
✔ browser and CommonJS expose the same frozen book helper (9.463938ms)
✔ composition remote owns full book data before authorization and server rejection cannot strip books (3.021345ms)
✔ browser IIFE and CommonJS expose the same contract without external dependencies (5.604734ms)
✔ import preserves CRLF, whitespace, composed/decomposed characters and hashes original UTF-8 (7.144179ms)
✔ known partial coverage, original author and original date are preserved apart from import time (2.573123ms)
✔ async import owns its input metadata and text before hashing yields (1.967568ms)
✔ link-only input has no text/hash, cannot produce excerpts and keeps the original URL (1.686152ms)
✔ dangerous URL schemes, credentials and protocol disguises fail import, validation and backup restore (3.366616ms)
✔ unsupported files, invalid text/encoding and oversized UTF-8 fail without truncating the input (8.820487ms)
✔ same content in another or unconfirmed source remains a candidate and never merges automatically (2.036019ms)
✔ explicit source selection reuses exact metadata but creates immutable versions for changed metadata/body (9.277512ms)
✔ link-only sources can gain a body as a new version after explicit user selection (0.999658ms)
✔ excerpt locators use raw UTF-16 and distinguish emoji, CRLF and repeated phrases (1.129549ms)
✔ repeated excerpt/topic is deduplicated while a different topic remains an explicit new record (1.433058ms)
✔ apply is immutable and rejects source-version overwrite, source deletion and dangling references (1.324278ms)
✔ excerpt deletion preserves originals, removes dependent connections and prevents resurrection (1.091223ms)
✔ backup is detached, declares excluded staging and restores all IDs/references into a new copy (1.333541ms)
✔ restoring deleted records remaps tombstone targets without reviving them (1.132064ms)
✔ backup restoration rejects invalid schema, changed hashes, broken references/locators and extra account fields (1.887951ms)
✔ async restoration owns its snapshot rather than hashing data that the caller can replace midway (0.715647ms)
✔ reading Markdown preserves text and provenance inside fences that contain HTML/images and nested fences (1.215546ms)
✔ reading export handles many short backtick runs without an argument-stack overflow (13.812165ms)
✔ source search opens the matching old version and defines latest by array order, not timestamp or revision (2.337825ms)
✔ source search unions current-title latest with body versions and deduplicates in source/newest order (2.187142ms)
✔ source search treats regex syntax literally and trims only query ends (0.79154ms)
✔ source search returns raw UTF-16 quotes across dotted I, emoji, CRLF and repeated text (0.674947ms)
✔ search uses native simple case folding without locale, NFC/NFD or multi-character equivalence (0.882915ms)
✔ search snippets stay near 60 UTF-16 units and never split a surrogate pair at either edge (0.587228ms)
✔ link-only search never invents body text from its URL or current title (0.437697ms)
✔ source search validates query/bundle and neither mutates nor retains references into the workspace (1.668406ms)
✔ opt-in Korean spacing returns the exact raw quote and older version without altering literal search (2.872115ms)
✔ Korean spacing permits only horizontal spaces between complete Hangul syllables (109.013033ms)
✔ source and note search share strict query/options validation and native literal defaults (1.593415ms)
✔ timeline links read only the verified account registry and encode the exact document ID (3.619299ms)
✔ account/project changes and read-only views cannot read or link former timelines (4.636253ms)
✔ two exact Korean tokens are evidence while one token or generic words do not fill empty results (25.995702ms)
✔ particle endings and semantic or morphological similarity are never guessed (4.149663ms)
✔ realistic Korean reading examples separate useful literal evidence from generic activity words (8.465222ms)
✔ explicit exact-version groups rank before matching topics and two common terms (2.626602ms)
✔ the selected older seed stays exact and its own newer version is never a recommendation (3.858462ms)
✔ latest candidates never inherit old-version groups or topics (3.741129ms)
✔ latest means the last Core version, independent of imported or original dates (1.602528ms)
✔ directed source exclusions apply across versions without excluding the reverse direction (3.323873ms)
✔ link-only title evidence is labeled as title evidence and never invents a body (2.877753ms)
✔ source URLs and query parameters in a body do not become word evidence (1.154827ms)
✔ deleted record topics are no longer used and unrelated note text is ignored (1.412758ms)
✔ only selected seed and latest candidate bodies are read; all source candidates remain eligible (2.315403ms)
✔ body comparison stops at the documented 16,000 UTF-16 limit with safe snippet boundaries (2.409421ms)
✔ a word cut at the body budget boundary cannot turn into a shorter matching word (4.706446ms)
✔ title versus body matches keep a generic reason instead of claiming the same field (1.730248ms)
✔ results are deterministic, capped at three and leave all source and composition data unchanged (4.396529ms)
✔ large seed vocabularies keep the same exact-token contract without dropping later terms (2.195865ms)
✔ small and large seed vocabularies use the same conservative digit boundary (5.69014ms)
✔ expanding Unicode lowercase mappings preserve results across the native matcher threshold (2.498963ms)
✔ invalid requests and unavailable seeds fail with actionable codes (1.203188ms)
✔ cross-origin Korean corpus keeps literal evidence grounded, exact latest versions and directed exclusions (39.141591ms)
✔ help-related holdouts preserve substantive literal topics and explicit user topics in both directions (23.1521ms)
✔ year accepts real calendar dates and preserves the written year across timezone boundaries (1.294323ms)
✔ year rejects coerced, impossible and free-form dates instead of inferring an experience year (0.265833ms)
✔ chronology groups only selected exact versions, keeping unavailable and undated evidence without import-date fallback (2.13131ms)
✔ year filtering is inclusive, leaves unknown evidence visible and does not manufacture empty years (0.475012ms)
✔ a year-month date participates in year filtering without inventing a day or changing raw export metadata (0.534841ms)
✔ malformed and reversed year filters reject explicitly without changing the selection (0.569912ms)
✔ themes use exact intersections, permit one source in several themes and keep every ungrouped reference (0.361044ms)
✔ default Markdown preserves the current manuscript and exact-version metadata but excludes every original body (0.489463ms)
✔ only explicit includeSources exports selected raw bodies, retaining CRLF and unavailable-body status (0.337579ms)
✔ Markdown refuses a manuscript and originals from different workspaces (0.306593ms)
✔ raw metadata and backtick-rich optional bodies stay literal inside fences rather than active links or HTML (0.192635ms)
✔ CommonJS exports the same frozen API made available to the browser namespace (0.084135ms)
✔ a large original with many separate backtick runs exports without truncation or argument-limit failure (10.241798ms)
✔ rejects private keys and unsafe project URLs before constructing SDK (2.896381ms)
✔ new connection storage is isolated from legacy chart settings (0.941281ms)
✔ auth verifies account, defers auth listeners, and signs out only this browser session (6.382854ms)
✔ missing session is unauthenticated, and raw server errors are not exposed (0.652514ms)
✔ list queries metadata only, strips unrequested fields, and reports missing schema (7.232079ms)
✔ read returns an owned snapshot after validating exact source hashes and identities (2.755683ms)
✔ write captures parameters and snapshot before awaiting account/network (1.423034ms)
✔ write reports CAS outcomes and does not treat missing as successful creation (1.720678ms)
✔ invalid hashes and oversized JSON block transport; remote oversized rows are rejected (107.868862ms)
✔ fixed SQL error identifiers become safe adapter faults (5.158535ms)
✔ dispose and account switch reject stale reads instead of returning old-account data (6.898386ms)
✔ SDK global fetch is aborted on disposal (31.852088ms)
✔ SDK global fetch follows the caller AbortSignal as well as adapter disposal (0.374103ms)
✔ SDK storage cannot write a stale session after adapter disposal (0.269338ms)
✔ official bundled SDK removes valid local session even when logout server is offline (8.332786ms)
✔ owner borrows the verified SDK, stores before dispatch and clears only a definitive result (7.683046ms)
✔ unknown outcome survives same-tab reload and retries the identical UUID, revision and copy (1.976081ms)
✔ failure to persist an attempt blocks transmission and never overwrites an unresolved operation (0.265563ms)
✔ account changes abort old writes, ignore late success and isolate pending state (4.977647ms)
✔ stale owner verification cannot dispatch after account switching or disposal (0.517074ms)
✔ conflict is definitive while malformed success preserves the pending attempt (0.747635ms)
✔ proven validation rollback or absent RPC permits a corrected attempt; operation mismatch remains unresolved (1.844175ms)
✔ revoke uses an explicit empty snapshot and owner metadata distinguishes revoked from missing (0.440732ms)
✔ owner listing can find a published workspace absent from this browser without fetching its snapshot (1.29235ms)
✔ anonymous reader sends only its public key with no cookies, bearer token, referrer or cache (29.019648ms)
✔ visitor rejects extra private fields, another token response and unsafe configuration (2.302172ms)
✔ late visitor response after disposal cannot become a visible published page (0.535121ms)
✔ valid uppercase visitor UUID normalizes to PostgreSQL canonical UUID form (0.468362ms)
✔ default public copy includes only selected presentation metadata and its own page comment (12.412085ms)
✔ other people and unknown authors are never republished merely because preview shows bodies (4.2832ms)
✔ exact UTF-16 excerpts preserve source coverage while identifying the public text as an excerpt (2.108276ms)
✔ hidden parts and entries never leak, and missing visible references stop publication (1.51547ms)
✔ one version appearing in multiple entries is reviewed once and each body switch is respected (0.964196ms)
✔ unknown fields, unsafe URLs and mismatched text kind fail closed (1.981109ms)
✔ publication limits reject excess data instead of silently changing the selected copy (14.710091ms)
✔ opening is shared and never invents a workspace; missing and orphaned reads surface errors (9.118737ms)
✔ restored workspace and active pointer install together, without overwriting an existing ID (1.887109ms)
✔ successful retry precedes revision comparison, compares stable payload, and is scoped to workspace (3.436369ms)
✔ receipt write failure rolls back bundle and applied stage; identical retry succeeds after recovery (1.958945ms)
✔ transaction completion failure cannot leave a successful receipt or emit a changed notification (1.05557ms)
✔ stage compare-and-swap rejects stale review, another workspace, and reopening an applied stage (2.865686ms)
✔ snapshots isolate caller mutation and listener failures cannot turn successful storage into failure (0.955482ms)
✔ core validation failure leaves no receipt and bad JSON values do not collide with valid payloads (1.176549ms)
✔ versionchange closes the connection and surfaces the error without creating replacement data (1.817356ms)
✔ blocked opening rejects promptly and closes a connection that arrives after the rejection (0.464706ms)
✔ durable upload stays fixed across edits and reopen; ack schedules the newer local snapshot (10.140868ms)
✔ sync metadata failure rolls back local change and receipt; malformed metadata is never hidden (4.214058ms)
✔ pause retains ownership and outbox while rejecting delayed results and another account (4.425351ms)
✔ server installation preserves IDs but atomically installs data, binding and active pointer (1.374081ms)
✔ remote apply requires a clean workspace, preserves staging and rejects immutable or stale versions (5.320854ms)
✔ conflict keeps the fixed outbox and never lowers an observed server revision; missing cannot resurrect (3.507574ms)
✔ remote resolution preserves the unselected local copy and rolls back every part on failure (5.827924ms)
✔ local resolution rejects stale or lossy copies and schedules a new CAS against the reviewed revision (4.871971ms)
✔ sync errors retain payload, can clear after successful observation, and remain outside backups (2.785097ms)
✔ well-shaped but impossible sync revisions surface metadata errors instead of hiding pending edits (1.820931ms)
✔ account handles isolate lists, active selection, reads, receipts, stages and backup inputs (4.61436ms)
✔ existing sync binding proves account ownership without altering or claiming unowned data (2.78055ms)
✔ explicit unowned import remaps source and draft IDs, preserves originals and does not enable upload (2.891994ms)
✔ owner and account active pointer install atomically and cannot be retagged through sync APIs (1.338489ms)
✔ changing account aborts an in-flight write and never commits old data or notifications into the new scope (3.053432ms)
✔ a copy finishing validation after logout is discarded and leaves unowned source untouched (1.663608ms)
✔ batch item stores its exact source result with the receipt, survives reopen, and stays out of backup (3.724485ms)
✔ legacy receipt payloads and applied stages without results remain compatible (3.049267ms)
✔ stage result rejects forged drafts, malformed IDs and sources outside the resulting workspace (2.485714ms)
✔ duplicate import reuses Core-valid opaque IDs without adding a second original (1.631572ms)
▶ quota and transaction abort retain earlier batch results and pending drafts for identical retry
  ✔ stage_write (3.931039ms)
  ✔ receipt_write (3.181653ms)
  ✔ transaction_completion (2.498803ms)
✔ quota and transaction abort retain earlier batch results and pending drafts for identical retry (10.079087ms)
✔ stale batch review cannot persist a result and a changed account aborts the whole item (3.326597ms)
✔ unowned copy remaps applied result references and preserves the original stage and backup boundary (4.51317ms)
✔ writing commit atomically consumes its typed draft with an idempotent receipt, and rolls back quota failure (2.479064ms)
✔ writing drafts remain local while explicit saves join an existing sync binding without changing fixed upload snapshots (3.71473ms)
✔ unowned writing copy remaps edit bases and applied results, retaining stale revisions after copied revisions reset (14.335738ms)
✔ workbench starts without a write and persists independently of bundle revisions, backups and sync (4.720457ms)
✔ workbench snapshot reads both validated halves in one transaction and refuses corrupt metadata (9.277262ms)
✔ two workbench readers cannot overwrite a newer revision or submit another workspace configuration (3.122505ms)
▶ failed workbench writes and transaction completion preserve prior data and emit no success event
  ✔ quota (4.432271ms)
  ✔ completion (3.331875ms)
✔ failed workbench writes and transaction completion preserve prior data and emit no success event (8.273117ms)
✔ combined copy installation atomically owns bundle, workbench and active pointer without replacing originals (10.29721ms)
✔ workbench account isolation rejects foreign reads and account replacement aborts late writes and copies (10.655309ms)
✔ offline saved-session start preserves settings and retries once across simultaneous lifecycle events (19.866333ms)
✔ authentication rejection does not schedule network reconnect or discard public prefill (3.022257ms)
✔ explicit logout cancels offline reconnect; SDK logout failure cannot reenable startup config (4.562033ms)
✔ new same-project login disposes an in-flight old logout before it can remove the new session (2.079153ms)
✔ a superseded pending login is disposed before its late SDK response can save an old session (1.446838ms)
✔ logout disposes a pending login before it can save or broadcast a signed-in session (3.528314ms)
✔ Storage size failure is normalized without exposing server detail or replacing pending content (4.795764ms)
✔ fresh explicit conflict preview permits later local edits while preserving their remapped source/excerpt copy (24.052991ms)
✔ local edit after preview during async recovery preparation rejects the decision without installing a partial copy (7.538922ms)
✔ shared Auth startup and later login never upload unbound data; borrowed adapter disposal never logs out (3.016438ms)
✔ shared session startup resumes only its previously bound durable outbox with the same request (4.297412ms)
✔ fixed-owner scoped handle blocks local access immediately on shared account transition and cancels old remote response (4.402357ms)
✔ pending local metadata read cannot reveal an old owner conflict snapshot after account transition (1.007099ms)
✔ Writing exposes the same standalone browser and CommonJS API (6.210309ms)
✔ blank drafts are resumable local staging with a strict separate format (2.047196ms)
✔ malformed draft fields, mixed import metadata and invalid bases are rejected before persistence (1.251751ms)
✔ draft and final text preserve Korean, CRLF, Unicode composition and exact UTF-8 hashing (11.799089ms)
✔ empty draft, invalid Unicode, NUL and UTF-8 overflow fail without truncation (10.453882ms)
✔ only the app marker and authored version invariants permit editing, never a self import alone (9.772424ms)
✔ edit creates a fresh version and preserves source identity, creation date, old text and exact excerpts (3.561124ms)
✔ a reverted or unchanged body still makes a new immutable head instead of selecting historical import duplicates (5.462023ms)
✔ editing rejects both a changed source revision and a changed latest version, keeping draft input intact (3.147772ms)
✔ unrelated workspace changes do not reject an unchanged edit base; commit still carries current workspace CAS (3.877371ms)
✔ preparing a save snapshots mutable inputs before hashing yields (1.046076ms)
✔ draft conflict recovery preserves the edit base until an explicit new-writing choice (3.928396ms)
✔ applied drafts can be read and exported but cannot be edited or recovered as uncommitted drafts (2.538302ms)
✔ TXT recovery exports over-limit input intact while malformed encoding is explicitly rejected (7.600654ms)
✔ JSON backup remaps internal references while authored markers and editability survive without schema changes (3.64013ms)
✔ search, fixed group/page references and explicit publication work with authored text (13.674211ms)
✔ private routes include life and remove unknown query values and external redirects (4.935104ms)
✔ unified home return accepts only known sections and material views (1.873629ms)
✔ public home guest verification does not redirect and Google returns to the requested section (4.523546ms)
✔ public home bfcache keeps cached personal DOM hidden until its shell remounts (1.44158ms)
✔ leaving the public home cancels a pending verification before it can expose an account (19.989485ms)
✔ public home account change hides old data without forcing navigation or accepting its late result (1.167846ms)
✔ verified shared account uses Google PKCE and never enables a password flow (0.571184ms)
✔ unverified token cannot open a protected offline cold load (0.392149ms)
✔ temporary network loss keeps an already verified account while bfcache keeps the page hidden (0.853542ms)
✔ account switch rejects an old verification even if the same account returns later (1.827441ms)
✔ disposed Auth cannot republish a late verified account (1.227565ms)
✔ online logout retains normal SDK server revocation then persists the local block (1.90099ms)
✔ another tab logout blocks private UI immediately before its SDK broadcast arrives (0.461873ms)
✔ a late old logout cannot delete or broadcast over another tab fresh login (0.603032ms)
✔ a late bfcache verification cannot hide a newly verified account screen (0.789386ms)
✔ expired offline logout cleans through supported SDK storage and prevents reload resurrection (0.771721ms)
✔ request blocks foreign origins before attaching credentials (0.52766ms)
✔ refresh cannot retry an old body with a new account token (38.456318ms)
✔ old fetch results are rejected across A to B to A and its AbortSignal is cancelled (1.34664ms)
✔ callback credentials and errors are scrubbed on success or SDK initialization failure (3.236854ms)
✔ actual bundled SDK online logout uses shared session and offline failure cannot restore it (22.146913ms)
✔ life transport borrows the platform client and verifies the account on the server (2.250666ms)
✔ separate projects, keys and password login cannot override the platform account (1.336676ms)
✔ unverified and signed-out users cannot send a query (1.686132ms)
✔ changing account cancels the old query and rejects its late response (3.83624ms)
✔ disposing life transport aborts its queries without disposing the shared session (2.123579ms)
✔ a builder created by A cannot execute later as B or after A returns (0.671022ms)
✔ verification completing after bridge disposal cannot restore its account (0.227767ms)
✔ platform account notifications are verified and all borrowed subscriptions are removed (1.017664ms)
✔ logout uses the platform logout and the bridge only exposes the life API (0.337529ms)
✔ the Cloud Remote factory receives the borrowed client without starting another SDK (0.248788ms)
✔ borrowed official SDK sends the same verified token to life SELECT and RPC (77.259566ms)
✔ old pull cannot populate B and its finally cannot unlock an already running B pull (9.27663ms)
✔ syncDocuments rejects a former owner response even when account changes while JSON is being read (2.721272ms)
✔ old queue cannot POST its former owner body with B auth or mark a same-ID B item as an error (18.553763ms)
✔ a late document upload receipt does not update either registry after B has initialized (5.296729ms)
✔ late conflict JSON does not replace a new owner same-ID item or schedule its old data (4.254508ms)
✔ captureAccount invalidates an old import/create handler across A to B to A without changing source copies (0.984795ms)
✔ backup and items fail closed before reinitialization and a damaged B copy cannot expose prior A memory (0.911447ms)
✔ private return destinations are restricted to known local feature routes (2.776855ms)
✔ public configuration rejects server credentials and non-Supabase production origins (0.543394ms)
✔ linking 80 legacy records makes account copies and preserves the source bytes (1.122529ms)
✔ damaged legacy registries and orphan documents remain recoverable (0.217972ms)
✔ invalid imports fail before changing account or legacy storage (0.889104ms)
✔ failed registry commit preserves originals and leaves copies recoverable (0.497214ms)
✔ weekday streaks skip rest days and do not lose yesterday before today is completed (0.31128ms)
✔ habit completion respects its start, schedule, future dates and leap-day boundaries (0.756939ms)
✔ editing an item while a write is in flight preserves both the latest data and server revision (40.807774ms)
✔ signing out during a pull never writes data into another account (3.165889ms)
✔ conflicting goal changes stay local until a backed-up copy is chosen (1.344848ms)
✔ uploading a document preserves edits and new registry entries made while the request is in flight (1.492886ms)
✔ signing out closes an open private form before navigating away (2.823063ms)
✔ auth configuration only accepts a clean HTTP or HTTPS project origin (0.159976ms)
✔ account verification rejects old_success after the shared session changes (1.090431ms)
✔ account verification rejects old_rejection after the shared session changes (0.9741ms)
✔ repeat public build removes stale private canary and old SDK while preserving source config (531.525035ms)
✔ unowned nonempty output and source/symlink destinations are rejected without deleting files (183.460737ms)
✔ returning to the persisted point cancels an older debounced reading candidate (8.173671ms)
✔ a later reading point 100 survives this reader own delayed save notification (6.408912ms)
✔ a later reading point 300 survives this reader own delayed save notification (1.390114ms)
✔ another tab clear cancels a captured point without recreating it (1.652492ms)
✔ a conflicted delayed save cannot rebase a later queued point across another tab clear (1.608127ms)
✔ leaving drains already captured reading input without sampling detached DOM (1.950713ms)
✔ complete offline shell includes every runtime module (77.968548ms)
✔ failed installation does not activate a partial shell (3.733088ms)
✔ activation removes old app caches but preserves unrelated caches (5.563032ms)
✔ HTTP errors never replace a usable offline asset (14.218866ms)
✔ a missing script never falls back to HTML (16.982029ms)
✔ offline public home uses its exact installed document, without another-page fallback (4.916337ms)
✔ a failed assets/life/writing.js installation keeps the old worker active (3.866735ms)
✔ a failed assets/life/writing-ui.js installation keeps the old worker active (3.029658ms)
✔ a failed assets/life/storage.js installation keeps the old worker active (1.324398ms)
✔ a failed assets/life/icons.js installation keeps the old worker active (4.036516ms)
✔ a failed assets/life/workbench.js installation keeps the old worker active (1.341412ms)
✔ a failed assets/life/rediscovery.js installation keeps the old worker active (1.14338ms)
✔ a failed assets/life/workbench-ui.js installation keeps the old worker active (1.062851ms)
✔ a failed assets/life/home.js installation keeps the old worker active (1.091103ms)
✔ a failed assets/life/workbench.css installation keeps the old worker active (2.277426ms)
✔ a failed assets/life/home.css installation keeps the old worker active (4.887794ms)
✔ life navigation returns its own installed HTML while offline (3.487806ms)
✔ section and nested view links resolve to the same installed shell offline (8.532602ms)
✔ platform Auth and life modules use one installed bundle without online replacement (7.785267ms)
✔ a missing life shell never serves the timeline HTML or a mixed online module (2.603438ms)
✔ private requests and non-shell resources are not intercepted (4.991148ms)
✔ OAuth callbacks never read/write cache or forward code/token/error query to static host (1.59672ms)
✔ offline OAuth callback fails closed instead of reusing a cached login response (1.121458ms)
✔ failed platform Auth installation cannot activate a mixed life/platform release (0.874212ms)
✔ public visitor document and anonymous RPC results never enter the app offline cache (0.820944ms)
✔ document switches keep both pending writes and their document IDs (6.902723ms)
✔ an edit during an in-flight write is serialized into a second write (7.7198ms)
✔ cancelled pending documents are not written (15.542372ms)
✔ a remote change is a conflict, without an update request (1.084933ms)
✔ a remote deletion is not silently recreated (0.262978ms)
✔ conditional PATCH catches changes between reading and writing (0.420642ms)
✔ new documents use INSERT and duplicate insert races become conflicts (1.171402ms)
✔ successful update records the server timestamp (0.288587ms)
✔ a failed preliminary read never falls through to an overwrite (1.381762ms)
✔ browser and CommonJS models expose independent empty local configurations (6.445777ms)
✔ strict validation rejects unknown fields, incorrect types, duplicate IDs and malformed Unicode (15.492137ms)
✔ bounded collections, text and aggregate UTF-8 budget reject rather than truncate (38.998976ms)
✔ activity deletion cannot alter an independent page entry and missing fixed references remain valid (10.396317ms)
✔ combined backup preserves originals and remaps every fixed version and missing gap consistently (10.961531ms)
✔ backup owns both snapshots before hashing yields and never accepts changed metadata or body silently (7.287512ms)
✔ mismatched and unsupported backups fail without manufacturing a replacement configuration (7.214483ms)
✔ old v1 configurations and backups stay unchanged without an implicit discovery default (6.66062ms)
✔ discovery accepts only strict directional source pairs and never silently sanitizes invalid exclusions (7.242164ms)
✔ discovery exclusions allow exactly 1000 pairs and count toward the existing configuration budget (51.166305ms)
✔ source exclusions survive newer original versions and round-trip independently of fixed excerpt/group/page references (14.19452ms)
✔ missing discovery sources receive consistent fresh gaps without attaching to source versions or unrelated originals (6.152373ms)
✔ backup and async restore own discovery snapshots before caller mutation and preserve original data (3.343481ms)
✔ selected draft read verifies shared account and returns a detached exact identity (2.342312ms)
✔ malformed identities, revision, encoding and draft payload never install (1.024985ms)
✔ writing list sends a bounded cursor and rejects duplicate, unordered or invalid rows (0.891608ms)
✔ invalid request and oversized body are blocked before account or network access (3.977149ms)
✔ write snapshots payload and scalar identity before asynchronous account verification (0.467641ms)
✔ stored conflict missing replies stay distinct and malformed results reject (0.516964ms)
✔ remote schema permissions and network errors redact raw private diagnostics (1.493718ms)
✔ dispose rejects delayed replies and releases only borrowed transport once (18.13903ms)
✔ writing scope admits only the three writing RPCs and no original composition or public access (1.882793ms)
✔ account switch aborts delayed writing read write and list responses without touching shared session (1.729396ms)
ℹ tests 398
ℹ suites 0
ℹ pass 398
ℹ fail 0
ℹ cancelled 0
ℹ skipped 0
ℹ todo 0
ℹ duration_ms 2754.56746
