
> test
> node --test tests/*.test.cjs

✔ time outline keeps exact old versions, unknown/missing dates and source order inside each year (53.786565ms)
✔ explicit period selects written years without dropping unknowns or changing stored selections (14.366742ms)
✔ theme outline preserves overlapping exact intersections, ungrouped originals and missing refs (11.956551ms)
✔ outline creation produces detached blank chapters, preserves reflection/revision and shared exact references (6.493599ms)
✔ ID collisions reserve existing history IDs and references, retry safely and never mutate on failure (9.996939ms)
✔ invalid or empty outlines fail closed with no inferred notes, truncation or altered old state (16.751184ms)
✔ whole-state byte budget rejects a new outline atomically rather than trimming existing manuscripts (231.822236ms)
✔ review counts unique exact references across chapters and roles, retaining factual missing/author/date distinctions (3.06444ms)
✔ review excludes archived chapters and treats valid year-month dates as known without source bodies (1.852414ms)
✔ browser helper uses the existing Reflection loading order with no added dependency or state mutation (7.528242ms)
✔ composition reads verify shared account, preserve fixed versions and detach returned data (4.216315ms)
✔ malformed remote identity, revision, time and composition never install (1.329269ms)
✔ invalid requests and oversized compositions are rejected before network access (41.166621ms)
✔ write freezes scalar identity and content before awaiting account verification (0.427072ms)
✔ book reads preserve ordered exact and missing references in a detached configuration (1.59329ms)
✔ old-server rejection retains the complete book write and retries without stripping or changing CAS identity (1.125127ms)
✔ CAS conflict and missing stay distinct from stored; malformed replies reject (1.200908ms)
✔ schema, source floor, permissions and network errors redact private diagnostics (0.639277ms)
✔ disposing cancels late replies and releases only borrowed transport (7.936277ms)
✔ platform composition scope admits only private composition RPCs and no direct tables (1.182001ms)
✔ platform account switch rejects late composition read and write responses (1.517538ms)
✔ pausing a stalled read allows a new generation to resume before the old response arrives (14.510945ms)
✔ an account change between scheduling and running a timer rejects asynchronously without an uncaught exception (12.347161ms)
✔ a durable lost-response outbox is replayed unchanged before reading the newer remote head (4.842323ms)
✔ a failed book upload preserves the durable outbox and retries the same complete operation (5.101176ms)
✔ late remote responses after A changes to B or returns to A cannot mutate local composition (3.946506ms)
✔ dates follow the Gregorian calendar, including century leap years (1.145446ms)
✔ moving a dated entry to a shorter month clamps its day (0.234808ms)
✔ invalid collections, values, coordinates and injectable colors are preserved in quarantine (1.975255ms)
✔ import assigns new document IDs without mutating or overwriting the original (0.845132ms)
✔ a malformed backup fails before normalizing or generating IDs (0.362697ms)
✔ pristine comparison excludes renderer fields but retains edits to thoughts and layers (4.259584ms)
✔ planned observations do not make later actual segments dashed (0.196611ms)
✔ platform backup exports document copies without account identity, auth session or registry binding (14.393621ms)
✔ real platform and source-workspace backups reject each other without changing either source (15.767677ms)
✔ explicit foreign backup format cannot be silently treated as timeline copies by adding docs (1.094231ms)
✔ shared format guard covers goal-only envelopes and keeps supported legacy copies compatible (1.305494ms)
✔ platform exporter rejects stale account ownership instead of exporting the previous account (0.870419ms)
✔ default and explicit review output retain the frozen pre-extension byte fingerprint (2.092089ms)
✔ reader edition orders title-only cover, safe index TOC, manuscripts and mandatory chapter appendix (16.703843ms)
✔ book source appendix preserves missing exact IDs, old version, raw metadata and no newest replacement (4.685501ms)
✔ source body and insight inclusion are independent and role-only metadata appears only with explicit insights (5.728956ms)
✔ bodies injected into an off projection and unrelated private fields are never serialized (3.108324ms)
✔ hostile user/source text stays literal and every active link is a generated local TOC anchor (3.754832ms)
✔ book mode refuses malformed active flags, source bodies and oversized escaped text without changing the projection (315.620011ms)
✔ explicit review is fixed A4/insights-on and malformed mode/paper/insights options fail closed (1.268549ms)
✔ empty and blank manuscripts stay explicit; book output never invents contents or page numbers (0.570244ms)
✔ old v1 remains without implicit archive/history defaults and optional fields survive explicitly (14.682298ms)
✔ capture owns all archived/excluded material with fresh snapshot IDs and preserves exact original references and revision (4.162106ms)
✔ restore atomically records current B before replacing it with fresh-ID A and retains the target; B can be recovered (5.503993ms)
✔ archive/recover is non-destructive while preview and Markdown omit archived chapters and refuse an archived book (5.963023ms)
✔ ten editions block capture and restore atomically; deleting an explicit edition frees one slot without changing the current manuscript (14.995953ms)
✔ capture/restore fail without modifying the input when the final combined configuration exceeds 2 MiB (146.899374ms)
✔ strict history metadata rejects noncanonical/impossible dates, malformed flags, nested histories and reused global IDs (5.089609ms)
✔ backup remaps every current, archived, snapshot and excluded exact/missing reference into one consistent new copy (3.134904ms)
✔ asynchronous backup restoration owns edition contents before source hashing yields (3.586739ms)
✔ missing targets and malformed operations do not silently archive/delete/restore another book or edition (2.682473ms)
✔ browser history uses the same public API and collision failure preserves the current manuscript (5.919268ms)
✔ Markdown remains byte-compatible with the pre-projection exporter for both explicit body modes (12.685001ms)
✔ projection includes ordered chapters and active independent roles using exact versions and explicit missing evidence (8.778934ms)
✔ default projection excludes every original body property while preserving literal provenance and body-availability metadata (3.646592ms)
✔ explicit body mode contains only selected exact raw bodies; missing/link-only cases remain distinct (3.667623ms)
✔ excluded-only content, IDs and references and unchosen projects never enter either projected body mode (3.97277ms)
✔ projection deeply owns nested arrays and metadata in both directions without mutating the input (2.461988ms)
✔ preview and Markdown expose the same active selections after explicit reorder/role edits without period filtering (2.870833ms)
✔ projection fails closed for malformed options, a different workspace or invalid composition instead of sanitizing selections (2.849681ms)
✔ browser projection is identical without loading a Markdown renderer or Reflection module (10.396109ms)
✔ a canonical single-book projection prints only active selected chapters and exact evidence; default bodies remain off (13.383506ms)
✔ all user and source text stays literal, without links, scripts, styles, images or HTML execution (0.765123ms)
✔ link-only and missing sources stay explicit and malformed or oversized print requests fail without truncating (339.222799ms)
✔ native print requests an isolated, sandboxed document and only reports requested; afterprint releases it (3.799027ms)
✔ a required current-view guard rejects stale requests before frame creation (1.470889ms)
✔ cancel during iframe loading or font preparation prevents late print and cleans the private document (4.472635ms)
✔ account changes after asynchronous fonts and during focus are checked immediately before print (2.263544ms)
✔ duplicate preparation is rejected, while cancellation releases the pending request for another click (1.350831ms)
✔ book printing forwards explicit options to the same isolated lifecycle without claiming a saved PDF (1.668852ms)
✔ invalid book/review print options reject before frame creation and book font preparation remains cancellable (2.882089ms)
✔ Blob URL creation and append errors clean up; completed dialogs retain the URL until an explicit replacement (3.745458ms)
✔ insights are optional on old v1 chapters and an explicit empty list survives a backup without adding defaults (20.889623ms)
✔ interpretation references stay independent of chapter selections, allow both roles and preserve missing/excluded evidence (4.613153ms)
✔ strict interpretation schema rejects inferred-origin fields, duplicate IDs/role refs and malformed UTF-16 (5.334312ms)
✔ an empty interpretation draft stores its exact empty statement and exports uncertainty/evidence without a fabricated claim (5.881132ms)
✔ interpretation/role/UTF-16 limits and aggregate 2 MiB budget reject instead of trimming (25.922079ms)
✔ backup atomically remaps every interpretation ID and independent role reference including shared and excluded gaps (8.466982ms)
✔ restore snapshots the interpretation, both roles and excluded state before asynchronous source hashing (18.811125ms)
✔ default Markdown includes only active interpretation text and role-specific exact provenance without original bodies (3.432705ms)
✔ opt-in bodies preserve raw exact versions and excluded-only evidence never leaks; excluding is reversible without editing the note (3.852376ms)
✔ excluding an interpretation leaves independently selected chapter evidence and the raw chapter manuscript intact (11.197507ms)
✔ old v1 and empty book lists stay optional without changing the existing reflection or input (18.148463ms)
✔ books keep explicit chapter order and allow shared exact versions and missing references without filtering by period (2.981015ms)
✔ strict book/chapter schemas reject unknown fields, duplicate IDs, invalid dates and malformed Unicode (4.890294ms)
✔ books use the agreed collection and UTF-16 limits and the shared 2 MiB budget without truncation (24.597247ms)
✔ backup remaps books and chapters and shared real/missing references atomically with existing reflection (10.158798ms)
✔ asynchronous restore owns the whole book snapshot before source hashing yields (6.12979ms)
✔ default book export uses only the chosen book, ordered chapters and exact-version safe provenance (3.637869ms)
✔ explicit body export retains raw CRLF, fences and metadata while excluding unselected newest versions (2.727731ms)
✔ book export fails closed for a missing book, wrong workspace and malformed composition/options (3.687212ms)
✔ browser and CommonJS expose the same frozen book helper (8.82336ms)
✔ composition remote owns full book data before authorization and server rejection cannot strip books (2.435518ms)
✔ browser IIFE and CommonJS expose the same contract without external dependencies (5.28589ms)
✔ import preserves CRLF, whitespace, composed/decomposed characters and hashes original UTF-8 (6.387832ms)
✔ known partial coverage, original author and original date are preserved apart from import time (1.643845ms)
✔ async import owns its input metadata and text before hashing yields (1.273497ms)
✔ link-only input has no text/hash, cannot produce excerpts and keeps the original URL (1.866385ms)
✔ dangerous URL schemes, credentials and protocol disguises fail import, validation and backup restore (3.83458ms)
✔ unsupported files, invalid text/encoding and oversized UTF-8 fail without truncating the input (11.791727ms)
✔ same content in another or unconfirmed source remains a candidate and never merges automatically (2.28154ms)
✔ explicit source selection reuses exact metadata but creates immutable versions for changed metadata/body (5.732692ms)
✔ link-only sources can gain a body as a new version after explicit user selection (0.904319ms)
✔ excerpt locators use raw UTF-16 and distinguish emoji, CRLF and repeated phrases (1.138777ms)
✔ repeated excerpt/topic is deduplicated while a different topic remains an explicit new record (1.130695ms)
✔ apply is immutable and rejects source-version overwrite, source deletion and dangling references (1.07968ms)
✔ excerpt deletion preserves originals, removes dependent connections and prevents resurrection (0.954504ms)
✔ backup is detached, declares excluded staging and restores all IDs/references into a new copy (1.509416ms)
✔ restoring deleted records remaps tombstone targets without reviving them (0.748679ms)
✔ backup restoration rejects invalid schema, changed hashes, broken references/locators and extra account fields (2.628324ms)
✔ async restoration owns its snapshot rather than hashing data that the caller can replace midway (0.83006ms)
✔ reading Markdown preserves text and provenance inside fences that contain HTML/images and nested fences (1.542515ms)
✔ reading export handles many short backtick runs without an argument-stack overflow (13.521219ms)
✔ source search opens the matching old version and defines latest by array order, not timestamp or revision (1.831022ms)
✔ source search unions current-title latest with body versions and deduplicates in source/newest order (1.843431ms)
✔ source search treats regex syntax literally and trims only query ends (0.899763ms)
✔ source search returns raw UTF-16 quotes across dotted I, emoji, CRLF and repeated text (0.650343ms)
✔ search uses native simple case folding without locale, NFC/NFD or multi-character equivalence (0.85048ms)
✔ search snippets stay near 60 UTF-16 units and never split a surrogate pair at either edge (0.53344ms)
✔ link-only search never invents body text from its URL or current title (0.542423ms)
✔ source search validates query/bundle and neither mutates nor retains references into the workspace (1.892393ms)
✔ opt-in Korean spacing returns the exact raw quote and older version without altering literal search (2.846736ms)
✔ Korean spacing permits only horizontal spaces between complete Hangul syllables (120.623812ms)
✔ source and note search share strict query/options validation and native literal defaults (1.914797ms)
✔ timeline links read only the verified account registry and encode the exact document ID (3.358355ms)
✔ account/project changes and read-only views cannot read or link former timelines (3.657528ms)
✔ two exact Korean tokens are evidence while one token or generic words do not fill empty results (27.26027ms)
✔ particle endings and semantic or morphological similarity are never guessed (3.51726ms)
✔ realistic Korean reading examples separate useful literal evidence from generic activity words (9.011969ms)
✔ explicit exact-version groups rank before matching topics and two common terms (2.984861ms)
✔ the selected older seed stays exact and its own newer version is never a recommendation (4.834872ms)
✔ latest candidates never inherit old-version groups or topics (2.879846ms)
✔ latest means the last Core version, independent of imported or original dates (1.50588ms)
✔ directed source exclusions apply across versions without excluding the reverse direction (5.959398ms)
✔ link-only title evidence is labeled as title evidence and never invents a body (3.980887ms)
✔ source URLs and query parameters in a body do not become word evidence (1.465701ms)
✔ deleted record topics are no longer used and unrelated note text is ignored (1.557668ms)
✔ only selected seed and latest candidate bodies are read; all source candidates remain eligible (2.286176ms)
✔ body comparison stops at the documented 16,000 UTF-16 limit with safe snippet boundaries (2.692959ms)
✔ a word cut at the body budget boundary cannot turn into a shorter matching word (5.972778ms)
✔ title versus body matches keep a generic reason instead of claiming the same field (0.859383ms)
✔ results are deterministic, capped at three and leave all source and composition data unchanged (4.451644ms)
✔ large seed vocabularies keep the same exact-token contract without dropping later terms (1.80221ms)
✔ small and large seed vocabularies use the same conservative digit boundary (8.548443ms)
✔ expanding Unicode lowercase mappings preserve results across the native matcher threshold (6.603071ms)
✔ invalid requests and unavailable seeds fail with actionable codes (1.051798ms)
✔ cross-origin Korean corpus keeps literal evidence grounded, exact latest versions and directed exclusions (36.493017ms)
✔ help-related holdouts preserve substantive literal topics and explicit user topics in both directions (22.713947ms)
✔ year accepts real calendar dates and preserves the written year across timezone boundaries (1.271203ms)
✔ year rejects coerced, impossible and free-form dates instead of inferring an experience year (0.292693ms)
✔ chronology groups only selected exact versions, keeping unavailable and undated evidence without import-date fallback (2.060993ms)
✔ year filtering is inclusive, leaves unknown evidence visible and does not manufacture empty years (0.306875ms)
✔ a year-month date participates in year filtering without inventing a day or changing raw export metadata (0.602353ms)
✔ malformed and reversed year filters reject explicitly without changing the selection (0.502694ms)
✔ themes use exact intersections, permit one source in several themes and keep every ungrouped reference (0.395776ms)
✔ default Markdown preserves the current manuscript and exact-version metadata but excludes every original body (0.737993ms)
✔ only explicit includeSources exports selected raw bodies, retaining CRLF and unavailable-body status (0.497537ms)
✔ Markdown refuses a manuscript and originals from different workspaces (0.434894ms)
✔ raw metadata and backtick-rich optional bodies stay literal inside fences rather than active links or HTML (0.23656ms)
✔ CommonJS exports the same frozen API made available to the browser namespace (0.083504ms)
✔ a large original with many separate backtick runs exports without truncation or argument-limit failure (11.129237ms)
✔ rejects private keys and unsafe project URLs before constructing SDK (2.312215ms)
✔ new connection storage is isolated from legacy chart settings (1.031628ms)
✔ auth verifies account, defers auth listeners, and signs out only this browser session (12.372958ms)
✔ missing session is unauthenticated, and raw server errors are not exposed (0.797972ms)
✔ list queries metadata only, strips unrequested fields, and reports missing schema (7.907674ms)
✔ read returns an owned snapshot after validating exact source hashes and identities (2.680391ms)
✔ write captures parameters and snapshot before awaiting account/network (1.679999ms)
✔ write reports CAS outcomes and does not treat missing as successful creation (1.719737ms)
✔ invalid hashes and oversized JSON block transport; remote oversized rows are rejected (89.66352ms)
✔ fixed SQL error identifiers become safe adapter faults (2.983529ms)
✔ dispose and account switch reject stale reads instead of returning old-account data (3.414798ms)
✔ SDK global fetch is aborted on disposal (28.048419ms)
✔ SDK global fetch follows the caller AbortSignal as well as adapter disposal (0.407353ms)
✔ SDK storage cannot write a stale session after adapter disposal (0.24968ms)
✔ official bundled SDK removes valid local session even when logout server is offline (10.790464ms)
✔ owner borrows the verified SDK, stores before dispatch and clears only a definitive result (7.590134ms)
✔ unknown outcome survives same-tab reload and retries the identical UUID, revision and copy (1.950059ms)
✔ failure to persist an attempt blocks transmission and never overwrites an unresolved operation (0.32378ms)
✔ account changes abort old writes, ignore late success and isolate pending state (6.106265ms)
✔ stale owner verification cannot dispatch after account switching or disposal (0.496165ms)
✔ conflict is definitive while malformed success preserves the pending attempt (0.780897ms)
✔ proven validation rollback or absent RPC permits a corrected attempt; operation mismatch remains unresolved (1.394625ms)
✔ revoke uses an explicit empty snapshot and owner metadata distinguishes revoked from missing (0.366022ms)
✔ owner listing can find a published workspace absent from this browser without fetching its snapshot (0.783361ms)
✔ anonymous reader sends only its public key with no cookies, bearer token, referrer or cache (22.321936ms)
✔ visitor rejects extra private fields, another token response and unsafe configuration (1.391861ms)
✔ late visitor response after disposal cannot become a visible published page (0.305222ms)
✔ valid uppercase visitor UUID normalizes to PostgreSQL canonical UUID form (0.356168ms)
✔ default public copy includes only selected presentation metadata and its own page comment (11.498703ms)
✔ other people and unknown authors are never republished merely because preview shows bodies (3.178057ms)
✔ exact UTF-16 excerpts preserve source coverage while identifying the public text as an excerpt (6.095329ms)
✔ hidden parts and entries never leak, and missing visible references stop publication (2.348158ms)
✔ one version appearing in multiple entries is reviewed once and each body switch is respected (1.580251ms)
✔ unknown fields, unsafe URLs and mismatched text kind fail closed (3.160631ms)
✔ publication limits reject excess data instead of silently changing the selected copy (22.026198ms)
✔ opening is shared and never invents a workspace; missing and orphaned reads surface errors (11.639281ms)
✔ restored workspace and active pointer install together, without overwriting an existing ID (1.981956ms)
✔ successful retry precedes revision comparison, compares stable payload, and is scoped to workspace (2.087553ms)
✔ receipt write failure rolls back bundle and applied stage; identical retry succeeds after recovery (2.927778ms)
✔ transaction completion failure cannot leave a successful receipt or emit a changed notification (0.905822ms)
✔ stage compare-and-swap rejects stale review, another workspace, and reopening an applied stage (1.715281ms)
✔ snapshots isolate caller mutation and listener failures cannot turn successful storage into failure (0.875196ms)
✔ core validation failure leaves no receipt and bad JSON values do not collide with valid payloads (0.89843ms)
✔ versionchange closes the connection and surfaces the error without creating replacement data (0.788889ms)
✔ blocked opening rejects promptly and closes a connection that arrives after the rejection (0.377539ms)
✔ durable upload stays fixed across edits and reopen; ack schedules the newer local snapshot (9.477259ms)
✔ sync metadata failure rolls back local change and receipt; malformed metadata is never hidden (3.710907ms)
✔ pause retains ownership and outbox while rejecting delayed results and another account (5.669468ms)
✔ server installation preserves IDs but atomically installs data, binding and active pointer (1.631517ms)
✔ remote apply requires a clean workspace, preserves staging and rejects immutable or stale versions (6.304208ms)
✔ conflict keeps the fixed outbox and never lowers an observed server revision; missing cannot resurrect (4.260621ms)
✔ remote resolution preserves the unselected local copy and rolls back every part on failure (6.53455ms)
✔ local resolution rejects stale or lossy copies and schedules a new CAS against the reviewed revision (6.241075ms)
✔ sync errors retain payload, can clear after successful observation, and remain outside backups (6.149109ms)
✔ well-shaped but impossible sync revisions surface metadata errors instead of hiding pending edits (2.199498ms)
✔ account handles isolate lists, active selection, reads, receipts, stages and backup inputs (5.87328ms)
✔ existing sync binding proves account ownership without altering or claiming unowned data (6.646485ms)
✔ explicit unowned import remaps source and draft IDs, preserves originals and does not enable upload (4.834752ms)
✔ owner and account active pointer install atomically and cannot be retagged through sync APIs (2.235191ms)
✔ changing account aborts an in-flight write and never commits old data or notifications into the new scope (3.671348ms)
✔ a copy finishing validation after logout is discarded and leaves unowned source untouched (2.789142ms)
✔ batch item stores its exact source result with the receipt, survives reopen, and stays out of backup (2.006522ms)
✔ legacy receipt payloads and applied stages without results remain compatible (2.728892ms)
✔ stage result rejects forged drafts, malformed IDs and sources outside the resulting workspace (2.973695ms)
✔ duplicate import reuses Core-valid opaque IDs without adding a second original (2.796643ms)
▶ quota and transaction abort retain earlier batch results and pending drafts for identical retry
  ✔ stage_write (2.851945ms)
  ✔ receipt_write (2.983359ms)
  ✔ transaction_completion (2.510098ms)
✔ quota and transaction abort retain earlier batch results and pending drafts for identical retry (8.896438ms)
✔ stale batch review cannot persist a result and a changed account aborts the whole item (4.545403ms)
✔ unowned copy remaps applied result references and preserves the original stage and backup boundary (3.823964ms)
✔ writing commit atomically consumes its typed draft with an idempotent receipt, and rolls back quota failure (3.665349ms)
✔ writing drafts remain local while explicit saves join an existing sync binding without changing fixed upload snapshots (3.606863ms)
✔ unowned writing copy remaps edit bases and applied results, retaining stale revisions after copied revisions reset (12.805268ms)
✔ workbench starts without a write and persists independently of bundle revisions, backups and sync (4.206641ms)
✔ workbench snapshot reads both validated halves in one transaction and refuses corrupt metadata (2.590137ms)
✔ two workbench readers cannot overwrite a newer revision or submit another workspace configuration (1.816791ms)
▶ failed workbench writes and transaction completion preserve prior data and emit no success event
  ✔ quota (2.976489ms)
  ✔ completion (2.22773ms)
✔ failed workbench writes and transaction completion preserve prior data and emit no success event (5.527187ms)
✔ combined copy installation atomically owns bundle, workbench and active pointer without replacing originals (6.280524ms)
✔ workbench account isolation rejects foreign reads and account replacement aborts late writes and copies (5.217439ms)
✔ offline saved-session start preserves settings and retries once across simultaneous lifecycle events (12.157209ms)
✔ authentication rejection does not schedule network reconnect or discard public prefill (2.937361ms)
✔ explicit logout cancels offline reconnect; SDK logout failure cannot reenable startup config (3.98266ms)
✔ new same-project login disposes an in-flight old logout before it can remove the new session (2.818004ms)
✔ a superseded pending login is disposed before its late SDK response can save an old session (1.203713ms)
✔ logout disposes a pending login before it can save or broadcast a signed-in session (1.131457ms)
✔ Storage size failure is normalized without exposing server detail or replacing pending content (1.961816ms)
✔ fresh explicit conflict preview permits later local edits while preserving their remapped source/excerpt copy (12.844687ms)
✔ local edit after preview during async recovery preparation rejects the decision without installing a partial copy (7.251261ms)
✔ shared Auth startup and later login never upload unbound data; borrowed adapter disposal never logs out (3.146641ms)
✔ shared session startup resumes only its previously bound durable outbox with the same request (3.187231ms)
✔ fixed-owner scoped handle blocks local access immediately on shared account transition and cancels old remote response (2.92355ms)
✔ pending local metadata read cannot reveal an old owner conflict snapshot after account transition (0.982465ms)
✔ Writing exposes the same standalone browser and CommonJS API (5.426297ms)
✔ blank drafts are resumable local staging with a strict separate format (1.008003ms)
✔ malformed draft fields, mixed import metadata and invalid bases are rejected before persistence (1.160749ms)
✔ draft and final text preserve Korean, CRLF, Unicode composition and exact UTF-8 hashing (9.07269ms)
✔ empty draft, invalid Unicode, NUL and UTF-8 overflow fail without truncation (12.868382ms)
✔ only the app marker and authored version invariants permit editing, never a self import alone (3.974628ms)
✔ edit creates a fresh version and preserves source identity, creation date, old text and exact excerpts (3.539303ms)
✔ a reverted or unchanged body still makes a new immutable head instead of selecting historical import duplicates (2.924221ms)
✔ editing rejects both a changed source revision and a changed latest version, keeping draft input intact (2.267819ms)
✔ unrelated workspace changes do not reject an unchanged edit base; commit still carries current workspace CAS (2.143435ms)
✔ preparing a save snapshots mutable inputs before hashing yields (1.122853ms)
✔ draft conflict recovery preserves the edit base until an explicit new-writing choice (2.084979ms)
✔ applied drafts can be read and exported but cannot be edited or recovered as uncommitted drafts (0.954394ms)
✔ TXT recovery exports over-limit input intact while malformed encoding is explicitly rejected (6.451316ms)
✔ JSON backup remaps internal references while authored markers and editability survive without schema changes (2.391322ms)
✔ search, fixed group/page references and explicit publication work with authored text (4.946337ms)
✔ private routes include life and remove unknown query values and external redirects (2.383531ms)
✔ unified home return accepts only known sections and material views (0.880835ms)
✔ public home guest verification does not redirect and Google returns to the requested section (1.778204ms)
✔ public home bfcache keeps cached personal DOM hidden until its shell remounts (0.982666ms)
✔ leaving the public home cancels a pending verification before it can expose an account (7.445329ms)
✔ public home account change hides old data without forcing navigation or accepting its late result (1.19494ms)
✔ verified shared account uses Google PKCE and never enables a password flow (0.642001ms)
✔ unverified token cannot open a protected offline cold load (0.441555ms)
✔ temporary network loss keeps an already verified account while bfcache keeps the page hidden (0.54654ms)
✔ account switch rejects an old verification even if the same account returns later (1.709572ms)
✔ disposed Auth cannot republish a late verified account (0.778654ms)
✔ online logout retains normal SDK server revocation then persists the local block (1.414144ms)
✔ another tab logout blocks private UI immediately before its SDK broadcast arrives (0.219756ms)
✔ a late old logout cannot delete or broadcast over another tab fresh login (1.076134ms)
✔ a late bfcache verification cannot hide a newly verified account screen (0.652968ms)
✔ expired offline logout cleans through supported SDK storage and prevents reload resurrection (0.596864ms)
✔ request blocks foreign origins before attaching credentials (0.516184ms)
✔ refresh cannot retry an old body with a new account token (25.031444ms)
✔ old fetch results are rejected across A to B to A and its AbortSignal is cancelled (0.80985ms)
✔ callback credentials and errors are scrubbed on success or SDK initialization failure (1.056826ms)
✔ actual bundled SDK online logout uses shared session and offline failure cannot restore it (11.63825ms)
✔ life transport borrows the platform client and verifies the account on the server (2.563887ms)
✔ separate projects, keys and password login cannot override the platform account (0.629672ms)
✔ unverified and signed-out users cannot send a query (2.121783ms)
✔ changing account cancels the old query and rejects its late response (3.824996ms)
✔ disposing life transport aborts its queries without disposing the shared session (1.248088ms)
✔ a builder created by A cannot execute later as B or after A returns (0.781668ms)
✔ verification completing after bridge disposal cannot restore its account (0.296489ms)
✔ platform account notifications are verified and all borrowed subscriptions are removed (0.480201ms)
✔ logout uses the platform logout and the bridge only exposes the life API (0.281637ms)
✔ the Cloud Remote factory receives the borrowed client without starting another SDK (0.394254ms)
✔ borrowed official SDK sends the same verified token to life SELECT and RPC (34.325347ms)
✔ old pull cannot populate B and its finally cannot unlock an already running B pull (4.664129ms)
✔ syncDocuments rejects a former owner response even when account changes while JSON is being read (1.083935ms)
✔ old queue cannot POST its former owner body with B auth or mark a same-ID B item as an error (2.093992ms)
✔ a late document upload receipt does not update either registry after B has initialized (1.533952ms)
✔ late conflict JSON does not replace a new owner same-ID item or schedule its old data (1.945622ms)
✔ captureAccount invalidates an old import/create handler across A to B to A without changing source copies (0.89785ms)
✔ backup and items fail closed before reinitialization and a damaged B copy cannot expose prior A memory (1.137635ms)
✔ private return destinations are restricted to known local feature routes (2.094443ms)
✔ public configuration rejects server credentials and non-Supabase production origins (0.373633ms)
✔ linking 80 legacy records makes account copies and preserves the source bytes (1.101712ms)
✔ damaged legacy registries and orphan documents remain recoverable (0.215739ms)
✔ invalid imports fail before changing account or legacy storage (0.878522ms)
✔ failed registry commit preserves originals and leaves copies recoverable (0.422015ms)
✔ weekday streaks skip rest days and do not lose yesterday before today is completed (0.517366ms)
✔ habit completion respects its start, schedule, future dates and leap-day boundaries (0.402366ms)
✔ editing an item while a write is in flight preserves both the latest data and server revision (27.86038ms)
✔ signing out during a pull never writes data into another account (2.148363ms)
✔ conflicting goal changes stay local until a backed-up copy is chosen (1.129192ms)
✔ uploading a document preserves edits and new registry entries made while the request is in flight (1.522686ms)
✔ signing out closes an open private form before navigating away (1.861658ms)
✔ auth configuration only accepts a clean HTTP or HTTPS project origin (0.170583ms)
✔ account verification rejects old_success after the shared session changes (1.042054ms)
✔ account verification rejects old_rejection after the shared session changes (0.757262ms)
✔ repeat public build removes stale private canary and old SDK while preserving source config (241.452085ms)
✔ unowned nonempty output and source/symlink destinations are rejected without deleting files (146.202986ms)
✔ returning to the persisted point cancels an older debounced reading candidate (8.662161ms)
✔ a later reading point 100 survives this reader own delayed save notification (2.212077ms)
✔ a later reading point 300 survives this reader own delayed save notification (0.758384ms)
✔ another tab clear cancels a captured point without recreating it (1.098948ms)
✔ a conflicted delayed save cannot rebase a later queued point across another tab clear (0.774467ms)
✔ leaving drains already captured reading input without sampling detached DOM (0.918781ms)
✔ complete offline shell includes every runtime module (25.504189ms)
✔ failed installation does not activate a partial shell (1.119699ms)
✔ activation removes old app caches but preserves unrelated caches (1.492622ms)
✔ HTTP errors never replace a usable offline asset (4.041186ms)
✔ a missing script never falls back to HTML (2.420285ms)
✔ offline public home uses its exact installed document, without another-page fallback (1.549075ms)
✔ a failed assets/life/writing.js installation keeps the old worker active (0.969436ms)
✔ a failed assets/life/writing-ui.js installation keeps the old worker active (0.847045ms)
✔ a failed assets/life/storage.js installation keeps the old worker active (0.849068ms)
✔ a failed assets/life/icons.js installation keeps the old worker active (0.85709ms)
✔ a failed assets/life/workbench.js installation keeps the old worker active (0.913513ms)
✔ a failed assets/life/rediscovery.js installation keeps the old worker active (0.756781ms)
✔ a failed assets/life/workbench-ui.js installation keeps the old worker active (0.814446ms)
✔ a failed assets/life/home.js installation keeps the old worker active (0.723031ms)
✔ a failed assets/life/workbench.css installation keeps the old worker active (0.738454ms)
✔ a failed assets/life/home.css installation keeps the old worker active (1.098658ms)
✔ life navigation returns its own installed HTML while offline (1.696833ms)
✔ section and nested view links resolve to the same installed shell offline (3.703856ms)
✔ platform Auth and life modules use one installed bundle without online replacement (4.871626ms)
✔ a missing life shell never serves the timeline HTML or a mixed online module (1.341217ms)
✔ private requests and non-shell resources are not intercepted (1.745776ms)
✔ OAuth callbacks never read/write cache or forward code/token/error query to static host (1.592649ms)
✔ offline OAuth callback fails closed instead of reusing a cached login response (1.056545ms)
✔ failed platform Auth installation cannot activate a mixed life/platform release (1.090155ms)
✔ public visitor document and anonymous RPC results never enter the app offline cache (1.218234ms)
✔ document switches keep both pending writes and their document IDs (1.504979ms)
✔ an edit during an in-flight write is serialized into a second write (4.540015ms)
✔ cancelled pending documents are not written (16.022374ms)
✔ a remote change is a conflict, without an update request (0.488023ms)
✔ a remote deletion is not silently recreated (0.18255ms)
✔ conditional PATCH catches changes between reading and writing (0.490386ms)
✔ new documents use INSERT and duplicate insert races become conflicts (0.186236ms)
✔ successful update records the server timestamp (0.143763ms)
✔ a failed preliminary read never falls through to an overwrite (0.58005ms)
✔ browser and CommonJS models expose independent empty local configurations (4.839709ms)
✔ strict validation rejects unknown fields, incorrect types, duplicate IDs and malformed Unicode (8.717293ms)
✔ bounded collections, text and aggregate UTF-8 budget reject rather than truncate (18.518381ms)
✔ activity deletion cannot alter an independent page entry and missing fixed references remain valid (2.336351ms)
✔ combined backup preserves originals and remaps every fixed version and missing gap consistently (4.918326ms)
✔ backup owns both snapshots before hashing yields and never accepts changed metadata or body silently (6.90592ms)
✔ mismatched and unsupported backups fail without manufacturing a replacement configuration (2.098288ms)
✔ old v1 configurations and backups stay unchanged without an implicit discovery default (3.059943ms)
✔ discovery accepts only strict directional source pairs and never silently sanitizes invalid exclusions (7.848105ms)
✔ discovery exclusions allow exactly 1000 pairs and count toward the existing configuration budget (21.097983ms)
✔ source exclusions survive newer original versions and round-trip independently of fixed excerpt/group/page references (11.62463ms)
✔ missing discovery sources receive consistent fresh gaps without attaching to source versions or unrelated originals (2.90948ms)
✔ backup and async restore own discovery snapshots before caller mutation and preserve original data (2.273547ms)
✔ selected draft read verifies shared account and returns a detached exact identity (2.644267ms)
✔ malformed identities, revision, encoding and draft payload never install (1.339704ms)
✔ writing list sends a bounded cursor and rejects duplicate, unordered or invalid rows (0.994744ms)
✔ invalid request and oversized body are blocked before account or network access (5.024303ms)
✔ write snapshots payload and scalar identity before asynchronous account verification (0.605888ms)
✔ stored conflict missing replies stay distinct and malformed results reject (0.676081ms)
✔ remote schema permissions and network errors redact raw private diagnostics (3.613943ms)
✔ dispose rejects delayed replies and releases only borrowed transport once (6.365179ms)
✔ writing scope admits only the three writing RPCs and no original composition or public access (2.307618ms)
✔ account switch aborts delayed writing read write and list responses without touching shared session (2.828049ms)
ℹ tests 398
ℹ suites 0
ℹ pass 398
ℹ fail 0
ℹ cancelled 0
ℹ skipped 0
ℹ todo 0
ℹ duration_ms 1892.409362
