
> test
> node --test tests/*.test.cjs

✔ time outline keeps exact old versions, unknown/missing dates and source order inside each year (14.732795ms)
✔ explicit period selects written years without dropping unknowns or changing stored selections (8.492327ms)
✔ theme outline preserves overlapping exact intersections, ungrouped originals and missing refs (3.814052ms)
✔ outline creation produces detached blank chapters, preserves reflection/revision and shared exact references (3.195436ms)
✔ ID collisions reserve existing history IDs and references, retry safely and never mutate on failure (3.469822ms)
✔ invalid or empty outlines fail closed with no inferred notes, truncation or altered old state (6.833878ms)
✔ whole-state byte budget rejects a new outline atomically rather than trimming existing manuscripts (186.532399ms)
✔ review counts unique exact references across chapters and roles, retaining factual missing/author/date distinctions (3.240192ms)
✔ review excludes archived chapters and treats valid year-month dates as known without source bodies (1.662183ms)
✔ browser helper uses the existing Reflection loading order with no added dependency or state mutation (7.668204ms)
✔ composition reads verify shared account, preserve fixed versions and detach returned data (4.946291ms)
✔ malformed remote identity, revision, time and composition never install (1.441997ms)
✔ invalid requests and oversized compositions are rejected before network access (26.870934ms)
✔ write freezes scalar identity and content before awaiting account verification (0.622753ms)
✔ book reads preserve ordered exact and missing references in a detached configuration (2.290444ms)
✔ old-server rejection retains the complete book write and retries without stripping or changing CAS identity (1.145648ms)
✔ CAS conflict and missing stay distinct from stored; malformed replies reject (1.013031ms)
✔ schema, source floor, permissions and network errors redact private diagnostics (0.626559ms)
✔ disposing cancels late replies and releases only borrowed transport (5.390249ms)
✔ platform composition scope admits only private composition RPCs and no direct tables (1.549786ms)
✔ platform account switch rejects late composition read and write responses (1.384241ms)
✔ pausing a stalled read allows a new generation to resume before the old response arrives (6.546572ms)
✔ an account change between scheduling and running a timer rejects asynchronously without an uncaught exception (7.899638ms)
✔ a durable lost-response outbox is replayed unchanged before reading the newer remote head (2.734643ms)
✔ a failed book upload preserves the durable outbox and retries the same complete operation (2.389721ms)
✔ late remote responses after A changes to B or returns to A cannot mutate local composition (1.944662ms)
✔ dates follow the Gregorian calendar, including century leap years (0.930319ms)
✔ moving a dated entry to a shorter month clamps its day (0.191574ms)
✔ invalid collections, values, coordinates and injectable colors are preserved in quarantine (0.983727ms)
✔ import assigns new document IDs without mutating or overwriting the original (0.549935ms)
✔ a malformed backup fails before normalizing or generating IDs (0.247287ms)
✔ pristine comparison excludes renderer fields but retains edits to thoughts and layers (1.776433ms)
✔ planned observations do not make later actual segments dashed (0.183973ms)
✔ platform backup exports document copies without account identity, auth session or registry binding (5.26985ms)
✔ real platform and source-workspace backups reject each other without changing either source (5.882558ms)
✔ explicit foreign backup format cannot be silently treated as timeline copies by adding docs (1.170224ms)
✔ shared format guard covers goal-only envelopes and keeps supported legacy copies compatible (1.298925ms)
✔ platform exporter rejects stale account ownership instead of exporting the previous account (0.885172ms)
✔ default and explicit review output retain the frozen pre-extension byte fingerprint (1.807439ms)
✔ reader edition orders title-only cover, safe index TOC, manuscripts and mandatory chapter appendix (13.255244ms)
✔ book source appendix preserves missing exact IDs, old version, raw metadata and no newest replacement (6.700851ms)
✔ source body and insight inclusion are independent and role-only metadata appears only with explicit insights (7.492464ms)
✔ bodies injected into an off projection and unrelated private fields are never serialized (2.836434ms)
✔ hostile user/source text stays literal and every active link is a generated local TOC anchor (3.861482ms)
✔ book mode refuses malformed active flags, source bodies and oversized escaped text without changing the projection (304.093168ms)
✔ explicit review is fixed A4/insights-on and malformed mode/paper/insights options fail closed (0.591106ms)
✔ empty and blank manuscripts stay explicit; book output never invents contents or page numbers (0.306854ms)
✔ old v1 remains without implicit archive/history defaults and optional fields survive explicitly (18.321463ms)
✔ capture owns all archived/excluded material with fresh snapshot IDs and preserves exact original references and revision (2.256805ms)
✔ restore atomically records current B before replacing it with fresh-ID A and retains the target; B can be recovered (7.466616ms)
✔ archive/recover is non-destructive while preview and Markdown omit archived chapters and refuse an archived book (3.761144ms)
✔ ten editions block capture and restore atomically; deleting an explicit edition frees one slot without changing the current manuscript (8.496773ms)
✔ capture/restore fail without modifying the input when the final combined configuration exceeds 2 MiB (132.23966ms)
✔ strict history metadata rejects noncanonical/impossible dates, malformed flags, nested histories and reused global IDs (5.03411ms)
✔ backup remaps every current, archived, snapshot and excluded exact/missing reference into one consistent new copy (2.494167ms)
✔ asynchronous backup restoration owns edition contents before source hashing yields (2.092071ms)
✔ missing targets and malformed operations do not silently archive/delete/restore another book or edition (1.726689ms)
✔ browser history uses the same public API and collision failure preserves the current manuscript (5.89015ms)
✔ Markdown remains byte-compatible with the pre-projection exporter for both explicit body modes (22.307942ms)
✔ projection includes ordered chapters and active independent roles using exact versions and explicit missing evidence (4.572005ms)
✔ default projection excludes every original body property while preserving literal provenance and body-availability metadata (2.871926ms)
✔ explicit body mode contains only selected exact raw bodies; missing/link-only cases remain distinct (3.058723ms)
✔ excluded-only content, IDs and references and unchosen projects never enter either projected body mode (3.518805ms)
✔ projection deeply owns nested arrays and metadata in both directions without mutating the input (2.689936ms)
✔ preview and Markdown expose the same active selections after explicit reorder/role edits without period filtering (2.323584ms)
✔ projection fails closed for malformed options, a different workspace or invalid composition instead of sanitizing selections (2.938845ms)
✔ browser projection is identical without loading a Markdown renderer or Reflection module (11.949659ms)
✔ a canonical single-book projection prints only active selected chapters and exact evidence; default bodies remain off (21.404502ms)
✔ all user and source text stays literal, without links, scripts, styles, images or HTML execution (1.098979ms)
✔ link-only and missing sources stay explicit and malformed or oversized print requests fail without truncating (379.101073ms)
✔ native print requests an isolated, sandboxed document and only reports requested; afterprint releases it (2.823474ms)
✔ a required current-view guard rejects stale requests before frame creation (0.964759ms)
✔ cancel during iframe loading or font preparation prevents late print and cleans the private document (3.104641ms)
✔ account changes after asynchronous fonts and during focus are checked immediately before print (1.979043ms)
✔ duplicate preparation is rejected, while cancellation releases the pending request for another click (0.912463ms)
✔ book printing forwards explicit options to the same isolated lifecycle without claiming a saved PDF (1.221049ms)
✔ invalid book/review print options reject before frame creation and book font preparation remains cancellable (2.040584ms)
✔ Blob URL creation and append errors clean up; completed dialogs retain the URL until an explicit replacement (2.744568ms)
✔ insights are optional on old v1 chapters and an explicit empty list survives a backup without adding defaults (23.220734ms)
✔ interpretation references stay independent of chapter selections, allow both roles and preserve missing/excluded evidence (4.096782ms)
✔ strict interpretation schema rejects inferred-origin fields, duplicate IDs/role refs and malformed UTF-16 (6.056086ms)
✔ an empty interpretation draft stores its exact empty statement and exports uncertainty/evidence without a fabricated claim (5.744643ms)
✔ interpretation/role/UTF-16 limits and aggregate 2 MiB budget reject instead of trimming (27.100614ms)
✔ backup atomically remaps every interpretation ID and independent role reference including shared and excluded gaps (7.589388ms)
✔ restore snapshots the interpretation, both roles and excluded state before asynchronous source hashing (10.819986ms)
✔ default Markdown includes only active interpretation text and role-specific exact provenance without original bodies (4.444196ms)
✔ opt-in bodies preserve raw exact versions and excluded-only evidence never leaks; excluding is reversible without editing the note (2.612201ms)
✔ excluding an interpretation leaves independently selected chapter evidence and the raw chapter manuscript intact (2.318286ms)
✔ old v1 and empty book lists stay optional without changing the existing reflection or input (14.713717ms)
✔ books keep explicit chapter order and allow shared exact versions and missing references without filtering by period (2.824396ms)
✔ strict book/chapter schemas reject unknown fields, duplicate IDs, invalid dates and malformed Unicode (5.230522ms)
✔ books use the agreed collection and UTF-16 limits and the shared 2 MiB budget without truncation (30.747269ms)
✔ backup remaps books and chapters and shared real/missing references atomically with existing reflection (15.190653ms)
✔ asynchronous restore owns the whole book snapshot before source hashing yields (4.62846ms)
✔ default book export uses only the chosen book, ordered chapters and exact-version safe provenance (3.624581ms)
✔ explicit body export retains raw CRLF, fences and metadata while excluding unselected newest versions (3.306741ms)
✔ book export fails closed for a missing book, wrong workspace and malformed composition/options (3.953309ms)
✔ browser and CommonJS expose the same frozen book helper (9.976926ms)
✔ composition remote owns full book data before authorization and server rejection cannot strip books (2.731068ms)
✔ browser IIFE and CommonJS expose the same contract without external dependencies (6.348739ms)
✔ import preserves CRLF, whitespace, composed/decomposed characters and hashes original UTF-8 (10.725385ms)
✔ known partial coverage, original author and original date are preserved apart from import time (2.039383ms)
✔ async import owns its input metadata and text before hashing yields (1.779297ms)
✔ link-only input has no text/hash, cannot produce excerpts and keeps the original URL (1.854659ms)
✔ dangerous URL schemes, credentials and protocol disguises fail import, validation and backup restore (7.764246ms)
✔ unsupported files, invalid text/encoding and oversized UTF-8 fail without truncating the input (9.47944ms)
✔ same content in another or unconfirmed source remains a candidate and never merges automatically (3.208875ms)
✔ explicit source selection reuses exact metadata but creates immutable versions for changed metadata/body (6.786588ms)
✔ link-only sources can gain a body as a new version after explicit user selection (1.59956ms)
✔ excerpt locators use raw UTF-16 and distinguish emoji, CRLF and repeated phrases (1.76771ms)
✔ repeated excerpt/topic is deduplicated while a different topic remains an explicit new record (1.802392ms)
✔ apply is immutable and rejects source-version overwrite, source deletion and dangling references (1.729363ms)
✔ excerpt deletion preserves originals, removes dependent connections and prevents resurrection (1.760238ms)
✔ backup is detached, declares excluded staging and restores all IDs/references into a new copy (1.990129ms)
✔ restoring deleted records remaps tombstone targets without reviving them (1.169463ms)
✔ backup restoration rejects invalid schema, changed hashes, broken references/locators and extra account fields (2.561446ms)
✔ async restoration owns its snapshot rather than hashing data that the caller can replace midway (1.021564ms)
✔ reading Markdown preserves text and provenance inside fences that contain HTML/images and nested fences (1.756283ms)
✔ reading export handles many short backtick runs without an argument-stack overflow (17.064255ms)
✔ source search opens the matching old version and defines latest by array order, not timestamp or revision (1.723625ms)
✔ source search unions current-title latest with body versions and deduplicates in source/newest order (1.556166ms)
✔ source search treats regex syntax literally and trims only query ends (0.838222ms)
✔ source search returns raw UTF-16 quotes across dotted I, emoji, CRLF and repeated text (0.878391ms)
✔ search uses native simple case folding without locale, NFC/NFD or multi-character equivalence (0.869168ms)
✔ search snippets stay near 60 UTF-16 units and never split a surrogate pair at either edge (0.730873ms)
✔ link-only search never invents body text from its URL or current title (0.436477ms)
✔ source search validates query/bundle and neither mutates nor retains references into the workspace (1.949279ms)
✔ opt-in Korean spacing returns the exact raw quote and older version without altering literal search (2.748053ms)
✔ Korean spacing permits only horizontal spaces between complete Hangul syllables (137.89758ms)
✔ source and note search share strict query/options validation and native literal defaults (1.637557ms)
✔ timeline links read only the verified account registry and encode the exact document ID (3.754404ms)
✔ account/project changes and read-only views cannot read or link former timelines (4.293653ms)
✔ two exact Korean tokens are evidence while one token or generic words do not fill empty results (20.470733ms)
✔ particle endings and semantic or morphological similarity are never guessed (4.408123ms)
✔ realistic Korean reading examples separate useful literal evidence from generic activity words (7.989431ms)
✔ explicit exact-version groups rank before matching topics and two common terms (2.695174ms)
✔ the selected older seed stays exact and its own newer version is never a recommendation (3.749377ms)
✔ latest candidates never inherit old-version groups or topics (2.170026ms)
✔ latest means the last Core version, independent of imported or original dates (1.732097ms)
✔ directed source exclusions apply across versions without excluding the reverse direction (5.787367ms)
✔ link-only title evidence is labeled as title evidence and never invents a body (5.102782ms)
✔ source URLs and query parameters in a body do not become word evidence (5.651602ms)
✔ deleted record topics are no longer used and unrelated note text is ignored (1.089675ms)
✔ only selected seed and latest candidate bodies are read; all source candidates remain eligible (1.433525ms)
✔ body comparison stops at the documented 16,000 UTF-16 limit with safe snippet boundaries (1.624287ms)
✔ a word cut at the body budget boundary cannot turn into a shorter matching word (6.01155ms)
✔ title versus body matches keep a generic reason instead of claiming the same field (1.343832ms)
✔ results are deterministic, capped at three and leave all source and composition data unchanged (3.733193ms)
✔ large seed vocabularies keep the same exact-token contract without dropping later terms (1.685137ms)
✔ small and large seed vocabularies use the same conservative digit boundary (4.29842ms)
✔ expanding Unicode lowercase mappings preserve results across the native matcher threshold (3.338007ms)
✔ invalid requests and unavailable seeds fail with actionable codes (1.031989ms)
✔ cross-origin Korean corpus keeps literal evidence grounded, exact latest versions and directed exclusions (46.042615ms)
✔ help-related holdouts preserve substantive literal topics and explicit user topics in both directions (22.891107ms)
✔ year accepts real calendar dates and preserves the written year across timezone boundaries (1.213579ms)
✔ year rejects coerced, impossible and free-form dates instead of inferring an experience year (0.294366ms)
✔ chronology groups only selected exact versions, keeping unavailable and undated evidence without import-date fallback (2.008056ms)
✔ year filtering is inclusive, leaves unknown evidence visible and does not manufacture empty years (0.366984ms)
✔ a year-month date participates in year filtering without inventing a day or changing raw export metadata (0.6749ms)
✔ malformed and reversed year filters reject explicitly without changing the selection (0.432972ms)
✔ themes use exact intersections, permit one source in several themes and keep every ungrouped reference (0.353364ms)
✔ default Markdown preserves the current manuscript and exact-version metadata but excludes every original body (0.357029ms)
✔ only explicit includeSources exports selected raw bodies, retaining CRLF and unavailable-body status (0.397168ms)
✔ Markdown refuses a manuscript and originals from different workspaces (0.281747ms)
✔ raw metadata and backtick-rich optional bodies stay literal inside fences rather than active links or HTML (0.172275ms)
✔ CommonJS exports the same frozen API made available to the browser namespace (0.085718ms)
✔ a large original with many separate backtick runs exports without truncation or argument-limit failure (11.481948ms)
✔ rejects private keys and unsafe project URLs before constructing SDK (2.139541ms)
✔ new connection storage is isolated from legacy chart settings (0.904611ms)
✔ auth verifies account, defers auth listeners, and signs out only this browser session (4.695679ms)
✔ missing session is unauthenticated, and raw server errors are not exposed (0.572829ms)
✔ list queries metadata only, strips unrequested fields, and reports missing schema (7.150217ms)
✔ read returns an owned snapshot after validating exact source hashes and identities (2.264476ms)
✔ write captures parameters and snapshot before awaiting account/network (1.350972ms)
✔ write reports CAS outcomes and does not treat missing as successful creation (1.766749ms)
✔ invalid hashes and oversized JSON block transport; remote oversized rows are rejected (84.984326ms)
✔ fixed SQL error identifiers become safe adapter faults (3.424496ms)
✔ dispose and account switch reject stale reads instead of returning old-account data (3.488841ms)
✔ SDK global fetch is aborted on disposal (24.87019ms)
✔ SDK global fetch follows the caller AbortSignal as well as adapter disposal (0.534873ms)
✔ SDK storage cannot write a stale session after adapter disposal (0.214588ms)
✔ official bundled SDK removes valid local session even when logout server is offline (10.847347ms)
✔ owner borrows the verified SDK, stores before dispatch and clears only a definitive result (4.512518ms)
✔ unknown outcome survives same-tab reload and retries the identical UUID, revision and copy (1.900106ms)
✔ failure to persist an attempt blocks transmission and never overwrites an unresolved operation (0.291583ms)
✔ account changes abort old writes, ignore late success and isolate pending state (5.579219ms)
✔ stale owner verification cannot dispatch after account switching or disposal (0.529324ms)
✔ conflict is definitive while malformed success preserves the pending attempt (0.73567ms)
✔ proven validation rollback or absent RPC permits a corrected attempt; operation mismatch remains unresolved (1.817173ms)
✔ revoke uses an explicit empty snapshot and owner metadata distinguishes revoked from missing (0.539349ms)
✔ owner listing can find a published workspace absent from this browser without fetching its snapshot (1.013582ms)
✔ anonymous reader sends only its public key with no cookies, bearer token, referrer or cache (23.285241ms)
✔ visitor rejects extra private fields, another token response and unsafe configuration (1.690826ms)
✔ late visitor response after disposal cannot become a visible published page (0.306424ms)
✔ valid uppercase visitor UUID normalizes to PostgreSQL canonical UUID form (0.478189ms)
✔ default public copy includes only selected presentation metadata and its own page comment (12.053184ms)
✔ other people and unknown authors are never republished merely because preview shows bodies (2.973276ms)
✔ exact UTF-16 excerpts preserve source coverage while identifying the public text as an excerpt (1.988978ms)
✔ hidden parts and entries never leak, and missing visible references stop publication (1.61254ms)
✔ one version appearing in multiple entries is reviewed once and each body switch is respected (1.140149ms)
✔ unknown fields, unsafe URLs and mismatched text kind fail closed (5.821367ms)
✔ publication limits reject excess data instead of silently changing the selected copy (14.975265ms)
✔ opening is shared and never invents a workspace; missing and orphaned reads surface errors (8.174896ms)
✔ restored workspace and active pointer install together, without overwriting an existing ID (5.381596ms)
✔ successful retry precedes revision comparison, compares stable payload, and is scoped to workspace (3.23175ms)
✔ receipt write failure rolls back bundle and applied stage; identical retry succeeds after recovery (1.614763ms)
✔ transaction completion failure cannot leave a successful receipt or emit a changed notification (1.276502ms)
✔ stage compare-and-swap rejects stale review, another workspace, and reopening an applied stage (2.250275ms)
✔ snapshots isolate caller mutation and listener failures cannot turn successful storage into failure (0.918411ms)
✔ core validation failure leaves no receipt and bad JSON values do not collide with valid payloads (0.983828ms)
✔ versionchange closes the connection and surfaces the error without creating replacement data (1.480825ms)
✔ blocked opening rejects promptly and closes a connection that arrives after the rejection (0.372142ms)
✔ durable upload stays fixed across edits and reopen; ack schedules the newer local snapshot (10.26184ms)
✔ sync metadata failure rolls back local change and receipt; malformed metadata is never hidden (3.348743ms)
✔ pause retains ownership and outbox while rejecting delayed results and another account (5.025158ms)
✔ server installation preserves IDs but atomically installs data, binding and active pointer (1.345724ms)
✔ remote apply requires a clean workspace, preserves staging and rejects immutable or stale versions (5.827747ms)
✔ conflict keeps the fixed outbox and never lowers an observed server revision; missing cannot resurrect (4.079416ms)
✔ remote resolution preserves the unselected local copy and rolls back every part on failure (5.463578ms)
✔ local resolution rejects stale or lossy copies and schedules a new CAS against the reviewed revision (5.966553ms)
✔ sync errors retain payload, can clear after successful observation, and remain outside backups (2.738619ms)
✔ well-shaped but impossible sync revisions surface metadata errors instead of hiding pending edits (4.088741ms)
✔ account handles isolate lists, active selection, reads, receipts, stages and backup inputs (9.339212ms)
✔ existing sync binding proves account ownership without altering or claiming unowned data (4.504056ms)
✔ explicit unowned import remaps source and draft IDs, preserves originals and does not enable upload (2.946377ms)
✔ owner and account active pointer install atomically and cannot be retagged through sync APIs (1.585961ms)
✔ changing account aborts an in-flight write and never commits old data or notifications into the new scope (5.614051ms)
✔ a copy finishing validation after logout is discarded and leaves unowned source untouched (1.941448ms)
✔ batch item stores its exact source result with the receipt, survives reopen, and stays out of backup (2.109747ms)
✔ legacy receipt payloads and applied stages without results remain compatible (2.801893ms)
✔ stage result rejects forged drafts, malformed IDs and sources outside the resulting workspace (3.027658ms)
✔ duplicate import reuses Core-valid opaque IDs without adding a second original (2.045702ms)
▶ quota and transaction abort retain earlier batch results and pending drafts for identical retry
  ✔ stage_write (4.219474ms)
  ✔ receipt_write (2.968509ms)
  ✔ transaction_completion (2.379056ms)
✔ quota and transaction abort retain earlier batch results and pending drafts for identical retry (10.084686ms)
✔ stale batch review cannot persist a result and a changed account aborts the whole item (3.949063ms)
✔ unowned copy remaps applied result references and preserves the original stage and backup boundary (2.014656ms)
✔ writing commit atomically consumes its typed draft with an idempotent receipt, and rolls back quota failure (2.4964ms)
✔ writing drafts remain local while explicit saves join an existing sync binding without changing fixed upload snapshots (4.257901ms)
✔ unowned writing copy remaps edit bases and applied results, retaining stale revisions after copied revisions reset (14.993562ms)
✔ workbench starts without a write and persists independently of bundle revisions, backups and sync (3.787834ms)
✔ workbench snapshot reads both validated halves in one transaction and refuses corrupt metadata (2.683928ms)
✔ two workbench readers cannot overwrite a newer revision or submit another workspace configuration (1.559842ms)
▶ failed workbench writes and transaction completion preserve prior data and emit no success event
  ✔ quota (2.781663ms)
  ✔ completion (1.763934ms)
✔ failed workbench writes and transaction completion preserve prior data and emit no success event (4.84409ms)
✔ combined copy installation atomically owns bundle, workbench and active pointer without replacing originals (6.374858ms)
✔ workbench account isolation rejects foreign reads and account replacement aborts late writes and copies (5.054341ms)
✔ offline saved-session start preserves settings and retries once across simultaneous lifecycle events (11.171668ms)
✔ authentication rejection does not schedule network reconnect or discard public prefill (2.654574ms)
✔ explicit logout cancels offline reconnect; SDK logout failure cannot reenable startup config (4.222408ms)
✔ new same-project login disposes an in-flight old logout before it can remove the new session (2.648706ms)
✔ a superseded pending login is disposed before its late SDK response can save an old session (1.433755ms)
✔ logout disposes a pending login before it can save or broadcast a signed-in session (0.852764ms)
✔ Storage size failure is normalized without exposing server detail or replacing pending content (1.72758ms)
✔ fresh explicit conflict preview permits later local edits while preserving their remapped source/excerpt copy (9.598486ms)
✔ local edit after preview during async recovery preparation rejects the decision without installing a partial copy (4.315786ms)
✔ shared Auth startup and later login never upload unbound data; borrowed adapter disposal never logs out (2.497532ms)
✔ shared session startup resumes only its previously bound durable outbox with the same request (3.950435ms)
✔ fixed-owner scoped handle blocks local access immediately on shared account transition and cancels old remote response (2.65841ms)
✔ pending local metadata read cannot reveal an old owner conflict snapshot after account transition (0.942647ms)
✔ Writing exposes the same standalone browser and CommonJS API (6.334248ms)
✔ blank drafts are resumable local staging with a strict separate format (1.102033ms)
✔ malformed draft fields, mixed import metadata and invalid bases are rejected before persistence (1.009396ms)
✔ draft and final text preserve Korean, CRLF, Unicode composition and exact UTF-8 hashing (9.229449ms)
✔ empty draft, invalid Unicode, NUL and UTF-8 overflow fail without truncation (11.205748ms)
✔ only the app marker and authored version invariants permit editing, never a self import alone (4.43335ms)
✔ edit creates a fresh version and preserves source identity, creation date, old text and exact excerpts (3.991055ms)
✔ a reverted or unchanged body still makes a new immutable head instead of selecting historical import duplicates (3.28603ms)
✔ editing rejects both a changed source revision and a changed latest version, keeping draft input intact (1.970671ms)
✔ unrelated workspace changes do not reject an unchanged edit base; commit still carries current workspace CAS (2.451333ms)
✔ preparing a save snapshots mutable inputs before hashing yields (1.44405ms)
✔ draft conflict recovery preserves the edit base until an explicit new-writing choice (1.685357ms)
✔ applied drafts can be read and exported but cannot be edited or recovered as uncommitted drafts (1.062525ms)
✔ TXT recovery exports over-limit input intact while malformed encoding is explicitly rejected (8.652764ms)
✔ JSON backup remaps internal references while authored markers and editability survive without schema changes (3.078147ms)
✔ search, fixed group/page references and explicit publication work with authored text (4.727327ms)
✔ private routes include life and remove unknown query values and external redirects (2.822794ms)
✔ unified home return accepts only known sections and material views (1.222462ms)
✔ public home guest verification does not redirect and Google returns to the requested section (1.689354ms)
✔ public home bfcache keeps cached personal DOM hidden until its shell remounts (0.966483ms)
✔ leaving the public home cancels a pending verification before it can expose an account (6.806928ms)
✔ public home account change hides old data without forcing navigation or accepting its late result (1.177535ms)
✔ verified shared account uses Google PKCE and never enables a password flow (0.482916ms)
✔ unverified token cannot open a protected offline cold load (0.254337ms)
✔ temporary network loss keeps an already verified account while bfcache keeps the page hidden (0.409998ms)
✔ account switch rejects an old verification even if the same account returns later (1.472502ms)
✔ disposed Auth cannot republish a late verified account (0.603294ms)
✔ online logout retains normal SDK server revocation then persists the local block (1.140039ms)
✔ another tab logout blocks private UI immediately before its SDK broadcast arrives (0.375817ms)
✔ a late old logout cannot delete or broadcast over another tab fresh login (0.62766ms)
✔ a late bfcache verification cannot hide a newly verified account screen (1.076766ms)
✔ expired offline logout cleans through supported SDK storage and prevents reload resurrection (0.4656ms)
✔ request blocks foreign origins before attaching credentials (0.561543ms)
✔ refresh cannot retry an old body with a new account token (28.269238ms)
✔ old fetch results are rejected across A to B to A and its AbortSignal is cancelled (1.190224ms)
✔ callback credentials and errors are scrubbed on success or SDK initialization failure (1.570537ms)
✔ actual bundled SDK online logout uses shared session and offline failure cannot restore it (18.275176ms)
✔ life transport borrows the platform client and verifies the account on the server (2.290064ms)
✔ separate projects, keys and password login cannot override the platform account (0.983337ms)
✔ unverified and signed-out users cannot send a query (1.297343ms)
✔ changing account cancels the old query and rejects its late response (4.715439ms)
✔ disposing life transport aborts its queries without disposing the shared session (1.893255ms)
✔ a builder created by A cannot execute later as B or after A returns (0.551237ms)
✔ verification completing after bridge disposal cannot restore its account (0.332583ms)
✔ platform account notifications are verified and all borrowed subscriptions are removed (0.545899ms)
✔ logout uses the platform logout and the bridge only exposes the life API (0.352533ms)
✔ the Cloud Remote factory receives the borrowed client without starting another SDK (0.376639ms)
✔ borrowed official SDK sends the same verified token to life SELECT and RPC (35.313835ms)
✔ old pull cannot populate B and its finally cannot unlock an already running B pull (4.671353ms)
✔ syncDocuments rejects a former owner response even when account changes while JSON is being read (1.098488ms)
✔ old queue cannot POST its former owner body with B auth or mark a same-ID B item as an error (2.025412ms)
✔ a late document upload receipt does not update either registry after B has initialized (1.433524ms)
✔ late conflict JSON does not replace a new owner same-ID item or schedule its old data (2.444984ms)
✔ captureAccount invalidates an old import/create handler across A to B to A without changing source copies (1.052861ms)
✔ backup and items fail closed before reinitialization and a damaged B copy cannot expose prior A memory (1.220329ms)
✔ private return destinations are restricted to known local feature routes (5.160178ms)
✔ public configuration rejects server credentials and non-Supabase production origins (0.522124ms)
✔ linking 80 legacy records makes account copies and preserves the source bytes (1.324964ms)
✔ damaged legacy registries and orphan documents remain recoverable (0.664815ms)
✔ invalid imports fail before changing account or legacy storage (0.992661ms)
✔ failed registry commit preserves originals and leaves copies recoverable (0.461774ms)
✔ weekday streaks skip rest days and do not lose yesterday before today is completed (0.584747ms)
✔ habit completion respects its start, schedule, future dates and leap-day boundaries (0.469946ms)
✔ editing an item while a write is in flight preserves both the latest data and server revision (27.749689ms)
✔ signing out during a pull never writes data into another account (2.715574ms)
✔ conflicting goal changes stay local until a backed-up copy is chosen (1.507805ms)
✔ uploading a document preserves edits and new registry entries made while the request is in flight (1.812446ms)
✔ signing out closes an open private form before navigating away (1.736254ms)
✔ auth configuration only accepts a clean HTTP or HTTPS project origin (0.237101ms)
✔ account verification rejects old_success after the shared session changes (1.221921ms)
✔ account verification rejects old_rejection after the shared session changes (0.862969ms)
✔ repeat public build removes stale private canary and old SDK while preserving source config (236.379551ms)
✔ unowned nonempty output and source/symlink destinations are rejected without deleting files (129.004458ms)
✔ returning to the persisted point cancels an older debounced reading candidate (4.644944ms)
✔ a later reading point 100 survives this reader own delayed save notification (2.787891ms)
✔ a later reading point 300 survives this reader own delayed save notification (1.492402ms)
✔ another tab clear cancels a captured point without recreating it (1.071769ms)
✔ a conflicted delayed save cannot rebase a later queued point across another tab clear (1.301279ms)
✔ leaving drains already captured reading input without sampling detached DOM (1.300237ms)
✔ complete offline shell includes every runtime module (26.877335ms)
✔ failed installation does not activate a partial shell (1.130866ms)
✔ activation removes old app caches but preserves unrelated caches (1.674882ms)
✔ HTTP errors never replace a usable offline asset (4.185713ms)
✔ a missing script never falls back to HTML (2.00355ms)
✔ offline public home uses its exact installed document, without another-page fallback (1.638048ms)
✔ a failed assets/life/writing.js installation keeps the old worker active (0.887024ms)
✔ a failed assets/life/writing-ui.js installation keeps the old worker active (0.825704ms)
✔ a failed assets/life/storage.js installation keeps the old worker active (0.853755ms)
✔ a failed assets/life/icons.js installation keeps the old worker active (0.91808ms)
✔ a failed assets/life/workbench.js installation keeps the old worker active (0.787997ms)
✔ a failed assets/life/rediscovery.js installation keeps the old worker active (0.752195ms)
✔ a failed assets/life/workbench-ui.js installation keeps the old worker active (0.728209ms)
✔ a failed assets/life/home.js installation keeps the old worker active (0.720147ms)
✔ a failed assets/life/workbench.css installation keeps the old worker active (0.750262ms)
✔ a failed assets/life/home.css installation keeps the old worker active (2.143887ms)
✔ life navigation returns its own installed HTML while offline (1.218936ms)
✔ section and nested view links resolve to the same installed shell offline (2.585272ms)
✔ platform Auth and life modules use one installed bundle without online replacement (2.970573ms)
✔ a missing life shell never serves the timeline HTML or a mixed online module (0.993533ms)
✔ private requests and non-shell resources are not intercepted (1.137896ms)
✔ OAuth callbacks never read/write cache or forward code/token/error query to static host (1.055775ms)
✔ offline OAuth callback fails closed instead of reusing a cached login response (0.774407ms)
✔ failed platform Auth installation cannot activate a mixed life/platform release (0.75564ms)
✔ public visitor document and anonymous RPC results never enter the app offline cache (0.818172ms)
✔ document switches keep both pending writes and their document IDs (2.172449ms)
✔ an edit during an in-flight write is serialized into a second write (4.103983ms)
✔ cancelled pending documents are not written (19.200492ms)
✔ a remote change is a conflict, without an update request (0.467883ms)
✔ a remote deletion is not silently recreated (0.176661ms)
✔ conditional PATCH catches changes between reading and writing (0.379242ms)
✔ new documents use INSERT and duplicate insert races become conflicts (0.160568ms)
✔ successful update records the server timestamp (0.206646ms)
✔ a failed preliminary read never falls through to an overwrite (0.39791ms)
✔ browser and CommonJS models expose independent empty local configurations (4.796569ms)
✔ strict validation rejects unknown fields, incorrect types, duplicate IDs and malformed Unicode (9.151243ms)
✔ bounded collections, text and aggregate UTF-8 budget reject rather than truncate (20.382759ms)
✔ activity deletion cannot alter an independent page entry and missing fixed references remain valid (2.323123ms)
✔ combined backup preserves originals and remaps every fixed version and missing gap consistently (5.264974ms)
✔ backup owns both snapshots before hashing yields and never accepts changed metadata or body silently (5.661431ms)
✔ mismatched and unsupported backups fail without manufacturing a replacement configuration (2.546845ms)
✔ old v1 configurations and backups stay unchanged without an implicit discovery default (3.728316ms)
✔ discovery accepts only strict directional source pairs and never silently sanitizes invalid exclusions (3.530663ms)
✔ discovery exclusions allow exactly 1000 pairs and count toward the existing configuration budget (28.298882ms)
✔ source exclusions survive newer original versions and round-trip independently of fixed excerpt/group/page references (12.367114ms)
✔ missing discovery sources receive consistent fresh gaps without attaching to source versions or unrelated originals (2.857946ms)
✔ backup and async restore own discovery snapshots before caller mutation and preserve original data (2.222454ms)
✔ selected draft read verifies shared account and returns a detached exact identity (3.050601ms)
✔ malformed identities, revision, encoding and draft payload never install (1.611839ms)
✔ writing list sends a bounded cursor and rejects duplicate, unordered or invalid rows (1.49059ms)
✔ invalid request and oversized body are blocked before account or network access (6.70659ms)
✔ write snapshots payload and scalar identity before asynchronous account verification (0.719326ms)
✔ stored conflict missing replies stay distinct and malformed results reject (0.986412ms)
✔ remote schema permissions and network errors redact raw private diagnostics (2.063578ms)
✔ dispose rejects delayed replies and releases only borrowed transport once (6.610187ms)
✔ writing scope admits only the three writing RPCs and no original composition or public access (1.869281ms)
✔ account switch aborts delayed writing read write and list responses without touching shared session (1.831734ms)
ℹ tests 398
ℹ suites 0
ℹ pass 398
ℹ fail 0
ℹ cancelled 0
ℹ skipped 0
ℹ todo 0
ℹ duration_ms 1740.740523
